<!DOCTYPE html>
<html>
<head>
    <meta charset="utf-8">
    <meta http-equiv="X-UA-Compatible" content="IE=edge,chrome=1">
    <meta name="robots" content="index,follow"/>
    <meta name="viewport" content="width=device-width, initial-scale=1.0">
    <title>Developer  : AvaTax with Excise Checklist</title>
    <meta name="description" content="">

    <meta property="og:title" content="Home"/>
    <meta property="og:type" content="article"/>
    <meta property="og:url" content="http://developer.avalara.com/"/>
    <meta property="og:site_name" content="Avalara Developer Network"/>
    <meta property="og:description" content="Avalara AvaTax Accurate and easy sales tax calculation Automatically tie your non-taxable transactions directly to the correct exemption or reseller certificate. Determine accurate taxability & duties for millions of products and services in over 100 countries."/>

    <link rel="apple-touch-icon" sizes="57x57" href="/public/images/favicon/apple-icon-57x57.png">
    <link rel="apple-touch-icon" sizes="60x60" href="/public/images/favicon/apple-icon-60x60.png">
    <link rel="apple-touch-icon" sizes="72x72" href="/public/images/favicon/apple-icon-72x72.png">
    <link rel="apple-touch-icon" sizes="76x76" href="/public/images/favicon/apple-icon-76x76.png">
    <link rel="apple-touch-icon" sizes="114x114" href="/public/images/favicon/apple-icon-114x114.png">
    <link rel="apple-touch-icon" sizes="120x120" href="/public/images/favicon/apple-icon-120x120.png">
    <link rel="apple-touch-icon" sizes="144x144" href="/public/images/favicon/apple-icon-144x144.png">
    <link rel="apple-touch-icon" sizes="152x152" href="/public/images/favicon/apple-icon-152x152.png">
    <link rel="apple-touch-icon" sizes="180x180" href="/public/images/favicon/apple-icon-180x180.png">
    <link rel="icon" type="image/png" sizes="192x192" href="/public/images/favicon/android-icon-192x192.png">
    <link rel="icon" type="image/png" sizes="32x32" href="/public/images/favicon/favicon-32x32.png">
    <link rel="icon" type="image/png" sizes="96x96" href="/public/images/favicon/favicon-96x96.png">
    <link rel="icon" type="image/png" sizes="16x16" href="/public/images/favicon/favicon-16x16.png">
    <link rel="manifest" href="/public/images/favicon/manifest.json">
    <meta name="msapplication-TileColor" content="#ffffff ">
    <meta name="msapplication-TileImage" content="/public/images/favicon/ms-icon-144x144.png">
    <meta name="theme-color" content="#ffffff ">

    <link rel="stylesheet" href="/public/css/style.css">
    
</head>


<body id="top" data-spy="scroll" data-target="#bootstrap-scrollspy" data-product=excise>
<header>
    <div class="pageTitle">
        <a href="/">
            <img src="/public/images/Avalara_logo.svg" alt="Avalara Developer Network">
            <span>Developer</span>
        </a>
        <span class="slash">/&nbsp;</span><a href="/excise">excise</a>
    </div>
    <nav class="navbar navbar-default navbar-static">
        <div class="navbar-header">
            <button class="navbar-toggle collapsed" type="button" data-toggle="collapse" data-target=".js-navbar-collapse">
                <span>Menu</span>
            </button>
        </div>
        <div class="collapse navbar-collapse js-navbar-collapse">
            <ul class="nav navbar-nav apis">
                <li class="home"><a href="/"><span class="text-uppercase">Welcome</span></a></li>
                <li class="apis visible-xs-block"><a href="/avalara-apis"><span class="text-uppercase">API</span>s</a></li>
                <li class="apis dropdown dropdown-large hidden-xs">
                    <a class="dropdown-toggle" data-toggle="dropdown"><span class="text-uppercase">API</span>s <i class="caret"></i></a>
                    <div class="dropdown-menu dropdown-menu-large">
                        <div class="row">
                            <div class="col-md-12"><a href="/avalara-apis">APIs overview</a></div>
                        </div>
                        <div class="row">
                            <div class="col-sm-8">
                                <h2>Tax calculation</h2>
                                
                                <h4>Avalara AvaTax</h4>
                                <ul class="pipe">
                                    
                                    <li><a href="/avatax">Overview</a></li>
                                    
                                    <li><a href="/avatax/use-cases">Use cases</a></li>
                                    
                                    <li><a href="/avatax/api-reference/tax/v1">API references</a></li>
                                    
                                    <li><a href="/avatax/get-started">Set up your sandbox</a></li>
                                    
                                    <li><a href="/avatax/testing-your-integration">Test your integration</a></li>
                                    
                                    <li><a href="/avatax/certification">Integration checklists</a></li>
                                    
                                </ul>
                                
                                
                                <h4>Avalara Communications</h4>
                                <ul class="pipe">
                                    
                                    <li><a href="/communications">Overview</a></li>
                                    
                                    <li><a href="/communications/api-reference/saas/soap">API references</a></li>
                                    
                                    <li><a href="/communications/certification">Integration checklists</a></li>
                                    
                                </ul>
                                
                                
                                <h4>Avalara Excise</h4>
                                <ul class="pipe">
                                    
                                    <li><a href="/excise">Overview</a></li>
                                    
                                    <li><a href="/excise/api-reference/tax-determination/v5_18_0">API references</a></li>
                                    
                                    <li><a href="/excise/certification">Integration checklists</a></li>
                                    
                                </ul>
                                
                                
                                <h4>Avalara LandedCost</h4>
                                <ul class="pipe">
                                    
                                    <li><a href="/landedcost">Overview</a></li>
                                    
                                    <li><a href="/landedcost/api-reference/v3">API references</a></li>
                                    
                                </ul>
                                
                            </div>
                            <div class="col-sm-4">
                                <h2>Compliance document management</h2>
                                
                                <h4>Avalara CertCapture</h4>
                                <ul class="pipe">
                                    
                                    <li><a href="/certcapture">Overview</a></li>
                                    
                                    <li><a href="http://docs.certcapture6xrest.apiary.io/">API references</a></li>
                                    
                                    <li><a href="/certcapture/certification">Integration checklists</a></li>
                                    
                                </ul>
                                
                                <h2>Returns &amp; filing</h2>
                                
                                
                                <h4>Avalara TrustFile</h4>
                                <ul class="pipe">
                                    
                                    <li><a href="/trustfile">Overview</a></li>
                                    
                                    <li><a href="/trustfile/api-reference/core/v3">API references</a></li>
                                    
                                </ul>
                                
                            </div>
                        </div>
                    </div>
                </li>
                <li class="certification"><a href="/certification"><span class="text-uppercase">Become Certified</span></a></li>
                <li class="resources dropdown dropdown-large hidden-xs">
                    <a class="dropdown-toggle" data-toggle="dropdown"><span class="text-uppercase">Resources</span> <b class="caret"></b></a>
                    <ul class="dropdown-menu dropdown-menu-large">
                        <li><a href="/blog">Developer Blog</a></li>
                        <li><a href="/resources/preferred-developers">Preferred developers</a></li>
                        <li><a href="https://community.avalara.com/avalara/category_sets/developers">Help Forum</a></li>
                    </ul>
                </li>
                <li class="resources visible-xs-block"><a href="/blog"><span class="text-uppercase">Developer Blog</span></a></li>
                <li class="resources visible-xs-block"><a href="/resources/preferred-developers"><span class="text-uppercase">Preferred developers</span></a></li>
                <li class="resources visible-xs-block"><a href="https://community.avalara.com/avalara/category_sets/developers"><span class="text-uppercase">Help Forum</span></a></li>
                <li class="resources visible-xs-block"><a href="/search"><span class="text-uppercase">Search</span></a></li>
                <li class="hdr-search-icon hidden-xs">
                    <i class="mouse glyphicon glyphicon-search mouse"></i>
                </li>
                <form class="hdr-search-form horizontal hidden-xs hidden">
                    <div class="row">
                        
                        <div class="col-md-9"><label><input type="checkbox" id="filterSite"> Search entire site</label></div>
                        <div class="col-md-3">
                            <button type="button" class="close" aria-label="Close"><span>&times;</span></button>
                        </div>
                        
                    </div>
                    <div class="row">
                        <div class="form-group col-md-9">
                            <input class="form-control" type="search" placeholder="Search Developer / Excise" >
                            <span class="form-control-feedback">!</span>
                        </div>
                        <div class="form-group col-md-3">
                            <input type="submit" class="btn btn-primary" value="Search">
                        </div>
                    </div>
                </form>
            </ul>
        </div>
    </nav>
</header>
<div class="container-fluid integration_checklists">
    


<div class="breadcrumbs">
    <div class="col-md-12">
        <ul class="pipe">
            <li><span class="text-uppercase">Tax Calculation API</span>s</li>
            <li class="text-uppercase"><a href="/excise">Avalara excise</a></li>
            <li class="text-uppercase">integration checklists</li>
        </ul>
    </div>
</div>

    
    <section class="row padding-sides">
        <main class="col-md-12"><div class="half">
	<h2>Excise Certification</h2>
	<p>Depending on the scope of your integration and your business practice, your test cases will vary. For development partners, many of these are requirements for certification. If you were to give us full functionality demo, here’s what we’d like to see:</p>
	<div class="row">
		<div class="col-xs-4">Use Case</div>
		<div class="col-xs-8">Expected Outcome</div>
	</div>
	<div class="row">
		<div class="col-xs-4">View Configuration elements within the Calling Application</div>
		<div class="col-xs-8">
			Administrative user should be able to view/modify the following to provide system ability to point to various levels of systems (Dev, UAT, Prod):
			<ul>
				<li>User Id to be used for Excise Platform Authentication</li>
				<li>Password to be used for Excise Platform Authentication (should be stored encrypted and non-viewable)</li>
			</ul>
		</div>
	</div>
	<div class="row">
		<div class="col-xs-4">Validate Required Data in AvaTax Excise Call</div>
		<div class="col-xs-8">
			You should be able to identify the following values:
			<ul>
				<li>Company Name or Identifier</li>
				<li>Effective Date for Transaction</li>
				<li>Transaction Type</li>
				<li>Title Transfer Code</li>
				<li>Product Code per Line Item</li>
				<li>Origin Information (Terminal or City and State)</li>
				<li>Destination Information (Terminal or City and State)</li>
				<li>Units (Gross, Net, and Billed)</li>
			</ul>
		</div>
	</div>
	<div class="row">
		<div class="col-xs-4">Validate Transactional Save Functionality</div>
		<div class="col-xs-8">
			SaveTransactionInd field should not be set in integration code.  This can be tested by checking the Company Setting Value for Save Transaction Indicator within web interface:
			<ul>
				<li>Click Maintenance, click Companies, click the company you wish to edit on the left hand side.</li>
				<li>On the Settings tab, choose the ‘Avatax Excise’ Settings Category</li>
				<li>Click the Save Transaction setting, click the copy tab</li>
				<li>On the copy tab, set the value field to either ‘true’ to save transactions or ‘false’ to not save transactions for XML calls.</li>
				<li>Click insert to apply the setting change.</li>
				<li>Future changes to this setting must be done directly to the record inserted in this process.</li>
				<li>Send in a transaction with it set to True and transaction is saved</li>
				<li>Send again when it is set to False and no transaction is saved</li>
			</ul>
		</div>
	</div>
	<div class="row">
		<div class="col-xs-4">Run a test transaction with multiple line items</div>
		<div class="col-xs-8">Build an input transaction object multiple line items.  Transmit the multiple line items and verify that multiple line results are returned.  This can be done with the API and the web (page) interface.</div>
	</div>
	<div class="row">
		<div class="col-xs-4">Sample Use Case:
			Process a Diesel Fuel transaction to Wisconsin with Destination Title Transfer where the buyer is licensed as a Indian Tribe
		</div>
		<div class="col-xs-8">
			Confirm the following transaction:
			<ul>
				<li>After a buyer is set up in the Excise Platform with a WI Indian Tribe License the transaction should be exempt of taxes when sent in with that Buyer</li>
			</ul>
		</div>
	</div>
	<h3>AvaTax Excise API Integration Checklist</h3>
	<p>To have your integration <a href="/certification">Certified by Avalara</a>, we have outlined the areas of integration that are necessary to ensure a stable and robust customer experience using AvaTax Excise with your application.  To be certified for Avalara AvaTax Excise, all of the items with an R in the Required column listed below are required elements that must be present in your integration.</p>
	<h4>Certified for Avalara AvaTax Excise</h4>
	<p>Certification for Avalara AvaTax Excise requires the delivery of all functional requirements shown below:</p>
	<h5>Avalara AvaTax Excise Administration &amp; Utilities Administration</h5>
	<p>Here are the basics for login, logout and authentication functions for Avalara AvaTax Excise:</p>
	<div class="row">
		<div class="col-xs-1">R<span class="hidden-xs">equired</span></div>
		<div class="col-xs-3">Function</div>
		<div class="col-xs-8">Comment</div>
	</div>
	<div class="row">
		<div class="col-xs-1">R</div>
		<div class="col-xs-3">Login Request</div>
		<div class="col-xs-8">Authenticates the user against the configured membership provider and verifies they have access to the specified company. If successful, an authentication token is return as a cookie.</div>
	</div>
	<div class="row">
		<div class="col-xs-1">R</div>
		<div class="col-xs-3">Login Results</div>
		<div class="col-xs-8">True/False</div>
	</div>
	<div class="row">
		<div class="col-xs-1">R</div>
		<div class="col-xs-3">Logout</div>
		<div class="col-xs-8">Logs the current user out of the system and clears their authentication cookie.</div>
	</div>
	<div class="row">
		<div class="col-xs-1">R</div>
		<div class="col-xs-3">Authentication</div>
		<div class="col-xs-8">Authentication does not require calling the AuthenticationService.asmx before calling other web services. At the beginning of the call to the web service, the user is authenticated, and if successful, the call is processed normally. The web service will attach a Forms Authentication cookie to the response to improve performance in subsequent calls, but it is not required to use the cookie (the caller can be re-authenticated each time). The client must keep the TCP connection alive in between calls in order to re-use the cookie while configured to use NTLM. Each new TCP connection will require re-authentication.
		</div>
	</div>
	<h5>Customer Record Integration</h5>
	<p>Here is a table showing the required basic data elements of the customer record integration to AvaTax Excise:</p>
	<div class="row">
		<div class="col-xs-1">R<span class="hidden-xs">equired</span></div>
		<div class="col-xs-3">Function</div>
		<div class="col-xs-8">Comment</div>
	</div>
	<div class="row">
		<div class="col-xs-1">R</div>
		<div class="col-xs-3">Legal Name</div>
		<div class="col-xs-8">The Name of a company that matches to the name field in the companies table.</div>
	</div>
	<div class="row">
		<div class="col-xs-1">R</div>
		<div class="col-xs-3">Effective Date</div>
		<div class="col-xs-8">Effective date of Business Account.</div>
	</div>
	<div class="row">
		<div class="col-xs-1">R</div>
		<div class="col-xs-3">Id Code</div>
		<div class="col-xs-8">Business Account ID Code - i.e., FEIN, Social Security Number, Canadian Business Number or Custom.</div>
	</div>
	<div class="row">
		<div class="col-xs-1">R</div>
		<div class="col-xs-3">Custom ID Code</div>
		<div class="col-xs-8">Unique Id for the Seller and Buyer which must match the custom_id field on the business_entities table in the Avalara AvaTax Excise application client database.</div>
	</div>
	<h5>Process Transactions</h5>
	<p>The Process Transactions method uses an array of Transactions to calculate taxes based on scenarios predefined in the Avalara AvaTax Excise application:</p>
	<div class="row">
		<div class="col-xs-1">R<span class="hidden-xs">equired</span></div>
		<div class="col-xs-3">Function</div>
		<div class="col-xs-8">Comment</div>
	</div>
	<div class="row">
		<div class="col-xs-1">R</div>
		<div class="col-xs-3">
			Send required header level data elements:
			<ul>
				<li>Company</li>
				<li>Effective Date</li>
				<li>Transaction Type</li>
				<li>Title Transfer Code</li>
				<li>Incoterms</li>
				<li>Perspective Business Type</li>
			</ul>
		</div>
		<div class="col-xs-8">Company - The Name of a company that matches to the name field in the companies table within the Avalara AvaTax Excise application Control Database.
			Effective Date - The date of the product movement (e.g., 9/28/2015).
			Transaction Type – Description of the event of particular event in a supply chain.
			Title Transfer Code – Indicates where title transfer is taking place.
			Incoterms – Delivery terms (required for EU content).
			Perspective Business Type– Buyer or Seller viewpoint (required for EU content).
		</div>
	</div>
	<div class="row">
		<div class="col-xs-1">N</div>
		<div class="col-xs-3">
			Send optional header level data elements:
			<ul>
				<li>Invoice Number</li>
				<li>Invoice Date</li>
				<li>Fuel Use Code</li>
				<li>Transportation Mode Code</li>
				<li>Seller</li>
				<li>Buyer</li>
				<li>Previous Seller</li>
				<li>Next Buyer</li>
				<li>User Data</li>
				<li>User Transaction ID</li>
				<li>Source System</li>
				<li>Order Type</li>
				<li>Transaction Lines</li>
				<li>Transaction Exchange Rates</li>
				<li>Save Transaction Indicator</li>
				<li>Debug Indicator</li>
				<li>Calculation Method</li>
				<li>Total Dyed Units</li>
				<li>Total Reporting Taxes</li>
				<li>Reporting Currency</li>
			</ul>
		</div>
		<div class="col-xs-8">Fuel Use Code - A code to describe the fuel use. Currently not used but included for future taxation scenarios.  Field can be used in the profile system.
			Transportation Mode Code – Transportation method used.
			Seller / Buyer - Unique Id which must match the custom_id field on the business_entities table in the Avalara AvaTax Excise application client database.
			User Data - String to hold any data you may want to pass into a transaction and potentially receive back untouched.  May also be used for customizing calculations based on business rules.
			User Transaction ID - A unique Id for the transaction as defined by the calling application.
			Source System - Hard coded string to identify which system is calling the application with this transaction.  Useful when more than a single system is using the application or to separate GUI calls from web service calls.
			Order Type - A code to describe the order type.  Currently not used but included for future taxation scenarios.
			Save Transaction Indicator - Indicates if the transaction should be saved to the database.  Not saving can have a significant performance improvement. If this value is not defined in the transaction the Saving of Transactions is controlled by the Company Setting in the GUI.
			Debug Indicator - Indicates if the transaction should be calculated with debugging enabled.
		</div>
	</div>
	<div class="row">
		<div class="col-xs-1">N</div>
		<div class="col-xs-3">
			Send optional data elements for VAT:
			<ul>
				<li>Middleman</li>
				<li>Customs Status</li>
				<li>Form A Presented Indicator</li>
				<li>Simplified Procedure Indicator</li>
				<li>Chain Leg</li>
			</ul>
		</div>
		<div class="col-xs-8">Form A Presented Indicator - Indicates if Form A is presented for VAT.
			Simplified Procedure Indicator - Indicates if the simplified procedure is used for VAT.
			Middleman – 3<sup>rd</sup> party in a triangulation transaction in the EU
			Chain Leg – Indicates invoice position in a triangulation transaction in the EU
		</div>
	</div>
	<div class="row">
		<div class="col-xs-1">N</div>
		<div class="col-xs-3">
			Send optional Custom data elements:
			<ul>
				<li>Custom String 1, 2, 3</li>
				<li>Custom Numeric 1, 2, 3</li>
			</ul>
		</div>
		<div class="col-xs-8">Custom String - String to hold data you want to pass into a transaction to be used for customizing calculations based on business rules.
			Custom Numeric - Decimal to hold data you want to pass into a transaction to be used for customizing calculations based on business rules.
		</div>
	</div>
	<h5>Process Invoice Line Transactions</h5>
	<p>The following table describes functions used to process Invoice Line-level transactions in Avalara AvaTax Excise:</p>
	<div class="row">
		<div class="col-xs-1">R<span class="hidden-xs">equired</span></div>
		<div class="col-xs-3">Function</div>
		<div class="col-xs-8">Comment</div>
	</div>
	<div class="row">
		<div class="col-xs-1">R</div>
		<div class="col-xs-3">
			Send required data elements:
			<ul>
				<li>Invoice Line</li>
				<li>Product Code</li>
			</ul>
		</div>
		<div class="col-xs-8">Product Code - Identifying code of the product being transported in the line item which needs to match either a product code or an alternate product code in the Avalara AvaTax Excise application client database.
			Invoice Line – Identifies the given transaction line to a pre-defined invoice line by the calling system
		</div>
	</div>
	<div class="row">
		<div class="col-xs-1">N</div>
		<div class="col-xs-3">
			Send optional data elements:
			<ul>
				<li>Movement Start Date</li>
				<li>Movement End Date</li>
				<li>Blend To Product Code</li>
				<li>Unit Price</li>
				<li>Net Units</li>
				<li>Gross Units</li>
				<li>Billed Units</li>
				<li>Line Amount</li>
				<li>Bill of Lading Number</li>
				<li>Bill of Lading Date</li>
				<li>User Data</li>
				<li>Alternative Fuel Content</li>
				<li>Blend to Alternative Fuel Content</li>
				<li>Blend To Indicator</li>
				<li>Currency</li>
				<li>Unit of Measure</li>
				<li>Freight Unit Price</li>
				<li>Freight Type</li>
				<li>Freight Line Amount</li>
				<li>Transaction Line Measures</li>
				<li>Custom String 1, 2, 3</li>
				<li>Custom Numeric 1, 2, 3</li>
				<li>Nth Time Sale</li>
			</ul>
		</div>
		<div class="col-xs-8">Alternative Fuel Content - Numeric value that represents the percentage of alternative fuel contained in the product.
			Blend to Alternative Fuel Content - Numeric Value that represents the percentage of alternative fuel found in the blend to product.
			Net/Gross/Billed Units – quantities in Net, Gross, or Billed for the given transaction line
			Blend To Indicator - Indicates if this record refers to a blended product.
			Nth Time Sale - Integer to identify how many times a product has been sold in the supply chain.
		</div>
	</div>
	<div class="row">
		<div class="col-xs-1">N</div>
		<div class="col-xs-3">
			Send optional data elements for transaction Origin fields:
			<ul>
				<li>Origin Country Code</li>
				<li>Origin Jurisdiction</li>
				<li>Origin County</li>
				<li>Origin City</li>
				<li>Origin Postal Code</li>
				<li>Origin Type</li>
				<li>Origin</li>
				<li>Origin Out City Limit Indicator</li>
				<li>Origin Excise Warehouse</li>
				<li>Origin Special Jurisdiction Indicator</li>
				<li>Origin Address 1,2</li>
				<li>Origin Special Jurisdictions</li>
			</ul>
			Send optional data elements for transaction Destination fields:
			<ul>
				<li>Destination Country Code</li>
				<li>Destination Jurisdiction</li>
				<li>Destination County</li>
				<li>Destination City</li>
				<li>Destination Postal Code</li>
				<li>Destination Type</li>
				<li>Destination</li>
				<li>Destination Out City Limit Indicator</li>
				<li>Destination Excise Warehouse</li>
				<li>Destination Special Jurisdiction Indicator</li>
				<li>Destination Address 1,2</li>
				<li>Destination Special Jurisdictions</li>
			</ul>
		</div>
		<div class="col-xs-8">Origin / Destination - A unique id for the location that should match to a custom_id from the locations table in the Avalara AvaTax Excise application client database.
			Country Code - ISO standard 3 character country code of the location.
			Jurisdiction - State or region code.
			City / County - City/County name of the location that must match a GNIS defined City/County name in the local_jurisdictions table of the Avalara AvaTax Excise application Client database;  or a cross reference entry in the common_codes.
			Special Jurisdictions – Indicator if location belongs to a special jurisdiction
		</div>
	</div>
	<div class="row">
		<div class="col-xs-1">N</div>
		<div class="col-xs-3">
			Send optional data elements for transaction Sale fields:
			<ul>
				<li>Sale Country Code</li>
				<li>Sale Jurisdiction</li>
				<li>Sale County</li>
				<li>Sale City</li>
				<li>Sale Postal Code</li>
				<li>Sale Type</li>
				<li>Sale Location</li>
				<li>Sale Out City Limit Indicator</li>
				<li>Sale Excise Warehouse</li>
				<li>Sale Special Jurisdiction Indicator</li>
				<li>Sale Address 1,2</li>
				<li>Sale Special Jurisdictions</li>
			</ul>
		</div>
		<div class="col-xs-8">Special Jurisdictions – Indicator if location belongs to a special jurisdiction</div>
	</div>
	<div class="row">
		<div class="col-xs-1">N</div>
		<div class="col-xs-3">
			Send optional data elements for transaction Counter fields:
			<ul>
				<li>Counter Country Code</li>
				<li>Counter Jurisdiction</li>
				<li>Counter County</li>
				<li>Counter City</li>
				<li>Counter Postal Code</li>
				<li>Counter Type</li>
				<li>Counter Party</li>
				<li>Counter Out City Limit Indicator</li>
				<li>Counter Excise Warehouse</li>
				<li>Counter Special Jurisdiction Indicator</li>
				<li>Counter Address 1,2</li>
				<li>Counter Fiscal Rep. Indicator</li>
			</ul>
		</div>
		<div class="col-xs-8">Special Jurisdictions – Indicator if location belongs to a special jurisdiction
			Counter Fiscal Rep. Indicator – Y/N field to identify if a Counterparty Fiscal Rep is present in the Counterparty country.
		</div>
	</div>
	<h5>Transaction Line Measure</h5>
	<p>The following table describes functions used to process transaction line items when using measurement:</p>
	<div class="row">
		<div class="col-xs-1">R<span class="hidden-xs">equired</span></div>
		<div class="col-xs-3">Function</div>
		<div class="col-xs-8">Comment</div>
	</div>
	<div class="row">
		<div class="col-xs-1">R</div>
		<div class="col-xs-3">Measure Value</div>
		<div class="col-xs-8">Numeric Unit of the Quantity indicator type.</div>
	</div>
	<div class="row">
		<div class="col-xs-1">R</div>
		<div class="col-xs-3">Quantity Indicator</div>
		<div class="col-xs-8">Type of Quantity for the Line referencing Billed, Net or Gross Value.  Field is requirement when completing a Transaction Line Measure record.</div>
	</div>
	<div class="row">
		<div class="col-xs-1">R</div>
		<div class="col-xs-3">Unit of Measure</div>
		<div class="col-xs-8">Defines the Unit of Measure for the Transaction Line Measure definition.
			Field is requirement when completing a Transaction Line Measure record.
		</div>
	</div>
	<h5>Transaction Exchange Rate</h5>
	<p>Here are the data elements used to process transaction line items when using exchange rates:</p>
	<div class="row">
		<div class="col-xs-1">R<span class="hidden-xs">equired</span></div>
		<div class="col-xs-3">Function</div>
		<div class="col-xs-8">Comment</div>
	</div>
	<div class="row">
		<div class="col-xs-1">R</div>
		<div class="col-xs-3">Effective Date</div>
		<div class="col-xs-8">Date the Conversion Factor is valid for transaction.</div>
	</div>
	<div class="row">
		<div class="col-xs-1">R</div>
		<div class="col-xs-3">Conversion Factor</div>
		<div class="col-xs-8">Numeric Amount determining the conversion factor between the from and to currencies.</div>
	</div>
	<div class="row">
		<div class="col-xs-1">R</div>
		<div class="col-xs-3">From Currency</div>
		<div class="col-xs-8">Currency type Value must start with for transaction.  Field is required when completing an exchange record.</div>
	</div>
	<div class="row">
		<div class="col-xs-1">R</div>
		<div class="col-xs-3">To Currency</div>
		<div class="col-xs-8">Currency type Value will end up as in transaction.  Field is required when completing an exchange record.</div>
	</div>
	<h5>Transaction Line Special Jurisdiction</h5>
	<p>The following data elements are required for transactions using special jurisdiction codes and types:</p>
	<div class="row">
		<div class="col-xs-1">R<span class="hidden-xs">equired</span></div>
		<div class="col-xs-3">Function</div>
		<div class="col-xs-8">Comment</div>
	</div>
	<div class="row">
		<div class="col-xs-1">R</div>
		<div class="col-xs-3">Special Jurisdiction Code</div>
		<div class="col-xs-8">Indicate the name of the special jurisdiction.</div>
	</div>
	<div class="row">
		<div class="col-xs-1">R</div>
		<div class="col-xs-3">Special Jurisdiction Type</div>
		<div class="col-xs-8">Indicates taxation level of the special jurisdiction.</div>
	</div>
	<h5>Transaction Results</h5>
	<p>These functions are used to determine transaction results:</p>
	<div class="row">
		<div class="col-xs-1">R<span class="hidden-xs">equired</span></div>
		<div class="col-xs-3">Function</div>
		<div class="col-xs-8">Comment</div>
	</div>
	<div class="row">
		<div class="col-xs-1">R</div>
		<div class="col-xs-3">Transaction ID</div>
		<div class="col-xs-8">Unique Id assigned to the Transaction by the Avalara AvaTax Excise application.</div>
	</div>
	<div class="row">
		<div class="col-xs-1">R</div>
		<div class="col-xs-3">Return Code</div>
		<div class="col-xs-8">A numeric representation of the success or failure of the transaction.</div>
	</div>
	<div class="row">
		<div class="col-xs-1">R</div>
		<div class="col-xs-3">Total Tax Amount</div>
		<div class="col-xs-8">Sum of all taxes on all line items and on the invoice itself.</div>
	</div>
	<div class="row">
		<div class="col-xs-1">N</div>
		<div class="col-xs-3">User Transaction ID</div>
		<div class="col-xs-8">A unique Id for the transaction as defined by the calling application which was passed in by the calling application.</div>
	</div>
	<div class="row">
		<div class="col-xs-1">N</div>
		<div class="col-xs-3">Status</div>
		<div class="col-xs-8">String defining the status of the transaction in the AvaTax Excise system.</div>
	</div>
	<div class="row">
		<div class="col-xs-1">N</div>
		<div class="col-xs-3">Transaction Taxes</div>
		<div class="col-xs-8">Object defining the individual taxes returned from the transaction.</div>
	</div>
	<div class="row">
		<div class="col-xs-1">N</div>
		<div class="col-xs-3">Transaction Errors</div>
		<div class="col-xs-8">Object defining the individual errors returned from the transaction.</div>
	</div>
	<div class="row">
		<div class="col-xs-1">N</div>
		<div class="col-xs-3">User Return Value</div>
		<div class="col-xs-8">String that returns the User Data Field.</div>
	</div>
	<h5>Transaction Tax Functions</h5>
	<p>This table describes specific functions used to process tax transactions with Avalara AvaTax Excise:</p>
	<div class="row">
		<div class="col-xs-1">R<span class="hidden-xs">equired</span></div>
		<div class="col-xs-3">Function</div>
		<div class="col-xs-8">Comment</div>
	</div>
	<div class="row">
		<div class="col-xs-1">R</div>
		<div class="col-xs-3">Sequence Id</div>
		<div class="col-xs-8">Avalara AvaTax Excise application calculated value that uniquely identifies the tax item within the transaction results.</div>
	</div>
	<div class="row">
		<div class="col-xs-1">R</div>
		<div class="col-xs-3">Product Category</div>
		<div class="col-xs-8">Numeric representation of the type of product being taxed defined in the product_categories table in the Avalara AvaTax Excise application.</div>
	</div>
	<div class="row padding-bottom">
		<div class="col-xs-1">N</div>
		<div class="col-xs-3">
			Send optional data elements:
			<ul>
				<li>Transaction Line</li>
				<li>Invoice Line</li>
				<li>Country Code</li>
				<li>Jurisdiction</li>
				<li>Local Jurisdiction</li>
				<li>Tax Type</li>
				<li>Rate Type</li>
				<li>Rate Subtype</li>
				<li>Calculation Type Indicator</li>
				<li>Tax Rate</li>
				<li>Tax Quantity</li>
				<li>Tax Amount</li>
				<li>Tax Exempt Indicator</li>
				<li>Deferred Indicator</li>
				<li>Payable To Code</li>
				<li>Sales Tax Base Amount</li>
				<li>License Number</li>
				<li>User Returned Value</li>
				<li>Scenario Id</li>
				<li>Scenario Tax Group Id</li>
				<li>Scenario Sequence</li>
				<li>Rate Description</li>
				<li>Currency</li>
				<li>Unit of Measure</li>
				<li>Subtotal Indicator</li>
				<li>Transaction Tax Amounts</li>
				<li>Status Code</li>
				<li>Quantity Indicator</li>
				<li>Reporting Tax Amount</li>
				<li>Reporting Tax Currency</li>
			</ul>
		</div>
		<div class="col-xs-8">License Number - The tax jurisdiction license number that applies to this transaction.
			User Returned Value - String to hold any data you may want to pass into a transaction and potentially receive back untouched.  May also be used for customizing calculations based on business rules.
			Scenario Id and Scenario Tax Group Id - Definition that was applied to these tax items.
			Subtotal Indicator - Indication of which field(s) to use for the sales tax base of the tax (Freight Only, Unit Price Only, Combined).
			Status Code - The calculation status of the tax.
		</div>
	</div>
</div>
</main>
    </section>
    
    
</div>
<footer class="navbar navbar-default">
    <ul class="social">
        <li class="twitter"><a href="https://twitter.com/Avalara">Twitter</a></li>
        <li class="facebook"><a href="https://www.facebook.com/avalara">Facebook</a></li>
        <li class="linkedin"><a href="https://www.linkedin.com/company/avalara">LinkedIn</a></li>
        <li class="youtube"><a href="https://www.youtube.com/user/Avalara1">Youtube</a></li>
    </ul>
    
    
    <ul class="github">
        <li><a href="https://github.com/Avalara/developer-dot/edit/master/excise/certification.md">Edit this page on GitHub</a></li>
    </ul>
    
    <ul class="global">
        <li><a href="https://www.avalara.com/"><span class="icon-sphere"></span>Avalara.com</a></li>
        <li><a href="https://help.avalara.com/"><span class="icon-help"></span>Help Center</a></li>
    </ul>
    <ul class="legal">
        <li>&copy; Avalara, Inc. All rights reserved</li>
        <li><a href="https://www.avalara.com/site-terms/">Terms of use</a></li>
        <li><a href="https://www.avalara.com/privacy-policy/">Privacy Policy</a></li>
    </ul>
</footer>

<script src="/public/js/vendor/jquery-2.2.4.min.js"></script>
<script src="/public/js/vendor/bootstrap.min.js"></script>
<script src="/public/js/site.js"></script>


<script src='/public/js/vendor/aws-sdk-2.5.3.min.js'></script>
<script>AWS.config.region = 'us-west-2';</script>





<!-- Google Tag Manager -->
<noscript>
    <iframe src="//www.googletagmanager.com/ns.html?id=GTM-MKB5LP" height="0" width="0" style="display:none;visibility:hidden"></iframe>
</noscript>
<script>(function(w, d, s, l, i) {
    w[l] = w[l] || [];
    w[l].push({
        'gtm.start': new Date().getTime(), event: 'gtm.js'
    });
    var f = d.getElementsByTagName(s)[0],
        j = d.createElement(s), dl = l != 'dataLayer' ? '&l=' + l : '';
    j.async = true;
    j.src =
        '//www.googletagmanager.com/gtm.js?id=' + i + dl;
    f.parentNode.insertBefore(j, f);
})(window, document, 'script', 'dataLayer', 'GTM-MKB5LP');</script>
<!-- End Google Tag Manager -->
</body>
</html>
