<!DOCTYPE html>
<html>
<head>
    <meta charset="utf-8">
    <meta http-equiv="X-UA-Compatible" content="IE=edge,chrome=1">
    <meta name="robots" content="index,follow"/>
    <meta name="viewport" content="width=device-width, initial-scale=1.0">
    <title>Developer  : Exempt Transactions</title>
    <meta name="description" content="">

    <meta property="og:title" content="Home"/>
    <meta property="og:type" content="article"/>
    <meta property="og:url" content="http://developer.avalara.com/"/>
    <meta property="og:site_name" content="Avalara Developer Network"/>
    <meta property="og:description" content="Avalara AvaTax Accurate and easy sales tax calculation Automatically tie your non-taxable transactions directly to the correct exemption or reseller certificate. Determine accurate taxability & duties for millions of products and services in over 100 countries."/>

    <link rel="apple-touch-icon" sizes="57x57" href="/public/images/favicon/apple-icon-57x57.png">
    <link rel="apple-touch-icon" sizes="60x60" href="/public/images/favicon/apple-icon-60x60.png">
    <link rel="apple-touch-icon" sizes="72x72" href="/public/images/favicon/apple-icon-72x72.png">
    <link rel="apple-touch-icon" sizes="76x76" href="/public/images/favicon/apple-icon-76x76.png">
    <link rel="apple-touch-icon" sizes="114x114" href="/public/images/favicon/apple-icon-114x114.png">
    <link rel="apple-touch-icon" sizes="120x120" href="/public/images/favicon/apple-icon-120x120.png">
    <link rel="apple-touch-icon" sizes="144x144" href="/public/images/favicon/apple-icon-144x144.png">
    <link rel="apple-touch-icon" sizes="152x152" href="/public/images/favicon/apple-icon-152x152.png">
    <link rel="apple-touch-icon" sizes="180x180" href="/public/images/favicon/apple-icon-180x180.png">
    <link rel="icon" type="image/png" sizes="192x192" href="/public/images/favicon/android-icon-192x192.png">
    <link rel="icon" type="image/png" sizes="32x32" href="/public/images/favicon/favicon-32x32.png">
    <link rel="icon" type="image/png" sizes="96x96" href="/public/images/favicon/favicon-96x96.png">
    <link rel="icon" type="image/png" sizes="16x16" href="/public/images/favicon/favicon-16x16.png">
    <link rel="manifest" href="/public/images/favicon/manifest.json">
    <meta name="msapplication-TileColor" content="#ffffff ">
    <meta name="msapplication-TileImage" content="/public/images/favicon/ms-icon-144x144.png">
    <meta name="theme-color" content="#ffffff ">

    <link rel="stylesheet" href="/public/css/style.css">
    
</head>


<body id="top" data-spy="scroll" data-target="#bootstrap-scrollspy" data-product=avaTax>
<header>
    <div class="pageTitle">
        <a href="/">
            <img src="/public/images/Avalara_logo.svg" alt="Avalara Developer Network">
            <span>Developer</span>
        </a>
        <span class="slash">/&nbsp;</span><a href="/avatax">avaTax</a>
    </div>
    <nav class="navbar navbar-default navbar-static">
        <div class="navbar-header">
            <button class="navbar-toggle collapsed" type="button" data-toggle="collapse" data-target=".js-navbar-collapse">
                <span>Menu</span>
            </button>
        </div>
        <div class="collapse navbar-collapse js-navbar-collapse">
            <ul class="nav navbar-nav apis">
                <li class="home"><a href="/"><span class="text-uppercase">Welcome</span></a></li>
                <li class="apis visible-xs-block"><a href="/avalara-apis"><span class="text-uppercase">API</span>s</a></li>
                <li class="apis dropdown dropdown-large hidden-xs">
                    <a class="dropdown-toggle" data-toggle="dropdown"><span class="text-uppercase">API</span>s <i class="caret"></i></a>
                    <div class="dropdown-menu dropdown-menu-large">
                        <div class="row">
                            <div class="col-md-12"><a href="/avalara-apis">APIs overview</a></div>
                        </div>
                        <div class="row">
                            <div class="col-sm-8">
                                <h2>Tax calculation</h2>
                                
                                <h4>Avalara AvaTax</h4>
                                <ul class="pipe">
                                    
                                    <li><a href="/avatax">Overview</a></li>
                                    
                                    <li><a href="/avatax/use-cases">Use cases</a></li>
                                    
                                    <li><a href="/avatax/api-reference/tax/v1">API references</a></li>
                                    
                                    <li><a href="/avatax/get-started">Set up your sandbox</a></li>
                                    
                                    <li><a href="/avatax/testing-your-integration">Test your integration</a></li>
                                    
                                    <li><a href="/avatax/certification">Integration checklists</a></li>
                                    
                                </ul>
                                
                                
                                <h4>Avalara Communications</h4>
                                <ul class="pipe">
                                    
                                    <li><a href="/communications">Overview</a></li>
                                    
                                    <li><a href="/communications/api-reference/saas/soap">API references</a></li>
                                    
                                    <li><a href="/communications/certification">Integration checklists</a></li>
                                    
                                </ul>
                                
                                
                                <h4>Avalara Excise</h4>
                                <ul class="pipe">
                                    
                                    <li><a href="/excise">Overview</a></li>
                                    
                                    <li><a href="/excise/api-reference/tax-determination/v5_18_0">API references</a></li>
                                    
                                    <li><a href="/excise/certification">Integration checklists</a></li>
                                    
                                </ul>
                                
                                
                                <h4>Avalara LandedCost</h4>
                                <ul class="pipe">
                                    
                                    <li><a href="/landedcost">Overview</a></li>
                                    
                                    <li><a href="/landedcost/api-reference/v3">API references</a></li>
                                    
                                </ul>
                                
                            </div>
                            <div class="col-sm-4">
                                <h2>Compliance document management</h2>
                                
                                <h4>Avalara CertCapture</h4>
                                <ul class="pipe">
                                    
                                    <li><a href="/certcapture">Overview</a></li>
                                    
                                    <li><a href="http://docs.certcapture6xrest.apiary.io/">API references</a></li>
                                    
                                    <li><a href="/certcapture/certification">Integration checklists</a></li>
                                    
                                </ul>
                                
                                <h2>Returns &amp; filing</h2>
                                
                                
                                <h4>Avalara TrustFile</h4>
                                <ul class="pipe">
                                    
                                    <li><a href="/trustfile">Overview</a></li>
                                    
                                    <li><a href="/trustfile/api-reference/core/v3">API references</a></li>
                                    
                                </ul>
                                
                            </div>
                        </div>
                    </div>
                </li>
                <li class="certification"><a href="/certification"><span class="text-uppercase">Become Certified</span></a></li>
                <li class="resources dropdown dropdown-large hidden-xs">
                    <a class="dropdown-toggle" data-toggle="dropdown"><span class="text-uppercase">Resources</span> <b class="caret"></b></a>
                    <ul class="dropdown-menu dropdown-menu-large">
                        <li><a href="/blog">Developer Blog</a></li>
                        <li><a href="/resources/preferred-developers">Preferred developers</a></li>
                        <li><a href="https://community.avalara.com/avalara/category_sets/developers">Help Forum</a></li>
                    </ul>
                </li>
                <li class="resources visible-xs-block"><a href="/blog"><span class="text-uppercase">Developer Blog</span></a></li>
                <li class="resources visible-xs-block"><a href="/resources/preferred-developers"><span class="text-uppercase">Preferred developers</span></a></li>
                <li class="resources visible-xs-block"><a href="https://community.avalara.com/avalara/category_sets/developers"><span class="text-uppercase">Help Forum</span></a></li>
                <li class="resources visible-xs-block"><a href="/search"><span class="text-uppercase">Search</span></a></li>
                <li class="hdr-search-icon hidden-xs">
                    <i class="mouse glyphicon glyphicon-search mouse"></i>
                </li>
                <form class="hdr-search-form horizontal hidden-xs hidden">
                    <div class="row">
                        
                        <div class="col-md-9"><label><input type="checkbox" id="filterSite"> Search entire site</label></div>
                        <div class="col-md-3">
                            <button type="button" class="close" aria-label="Close"><span>&times;</span></button>
                        </div>
                        
                    </div>
                    <div class="row">
                        <div class="form-group col-md-9">
                            <input class="form-control" type="search" placeholder="Search Developer / Avatax" >
                            <span class="form-control-feedback">!</span>
                        </div>
                        <div class="form-group col-md-3">
                            <input type="submit" class="btn btn-primary" value="Search">
                        </div>
                    </div>
                </form>
            </ul>
        </div>
    </nav>
</header>
<div class="container-fluid use_cases">
    


<div class="breadcrumbs">
    <div class="col-md-12">
        <ul class="pipe">
            <li><span class="text-uppercase">Tax Calculation API</span>s</li>
            <li class="text-uppercase"><a href="/avatax">Avalara avaTax</a></li>
            <li class="text-uppercase">use cases</li>
        </ul>
    </div>
</div>

    
    <section class="row padding-sides half">
        <nav class="col-md-3">
            
            <ul class="api-ref-side-nav nav nav-pills nav-stacked hidden-xs hidden-sm">
    <li ><a href="/avatax/use-cases">Document Workflow</a></li>
    <li ><a href="/avatax/calculating-tax">Calculating Tax</a></li>
    <li ><a href="/avatax/address-validation">Address Validation</a></li>
    <li ><a href="/avatax/reportable-transactions">Reportable Transactions</a></li>
    <li ><a href="/avatax/handling-return-invoices">Product Returns</a></li>
    <li class="active"><a href="/avatax/handling-tax-exempt-customers">Exempt Transactions</a></li>
    <li ><a href="/avatax/voiding-documents">Voiding Documents</a></li>
    <li ><a href="/avatax/vat-transactions">VAT Transactions</a></li>
    <li ><a href="/avatax/drop-shipping">Drop Shipping</a></li>
    <li ><a href="/avatax/consumer-use-tax">Consumer Use Tax</a></li>
    <li ><a href="/avatax/automated-provisioning">Automated Provisioning</a></li>
    <li ><a href="/avatax/sample-code">Sample Code</a></li>
    <li ><a href="/avatax/soap-or-rest">SOAP or REST</a></li>
    <li ><a href="/avatax/filtering-in-rest/">Filtering in REST</a></li>
    <li ><a href="/avatax/finding-your-companyid">Finding Your CompanyId</a></li>
    <li ><a href="/avatax/proxy-server-settings">Proxy Server Settings</a></li>
    <li ><a href="/avatax/ssl-certificates">SSL Certificates</a></li>
    <li ><a href="/avatax/errors-and-outages">Errors and Outages</a></li>
    <li ><a href="/avatax/common-errors">Common Errors</a></li>
    <li ><a href="/avatax/service-availability-and-performance">Service Availability</a></li>
    <li ><a href="/avatax/going-live">Going Live</a></li>
</ul>
<div class="sm-section-nav dropdown visible-xs-block visible-sm-block">
    <button id="use-case-nav" type="button" data-toggle="dropdown">Use Cases</button>
    <ul class="dropdown-menu" aria-labelledby="use-case-nav">
        <li><a href="/avatax/use-cases">Document Workflow</a></li>
        <li><a href="/avatax/calculating-tax">Calculating Tax</a></li>
        <li><a href="/avatax/address-validation">Address Validation</a></li>
        <li><a href="/avatax/reportable-transactions">Reportable Transactions</a></li>
        <li><a href="/avatax/handling-return-invoices">Product Returns</a></li>
        <li><a href="/avatax/handling-tax-exempt-customers">Exempt Transactions</a></li>
        <li><a href="/avatax/voiding-documents">Voiding Documents</a></li>
        <li><a href="/avatax/vat-transactions">VAT Transactions</a></li>
        <li><a href="/avatax/drop-shipping">Drop Shipping</a></li>
        <li><a href="/avatax/consumer-use-tax">Consumer Use Tax</a></li>
        <li><a href="/avatax/automated-provisioning">Automated Provisioning</a></li>
        <li><a href="/avatax/sample-code">Sample Code</a></li>
        <li><a href="/avatax/soap-or-rest">SOAP or REST</a></li>
        <li><a href="/avatax/filtering-in-rest">Filtering in REST</a></li>
        <li><a href="/avatax/finding-your-companyid">Finding Your CompanyId</a></li>
        <li><a href="/avatax/proxy-server-settings">Proxy Server Settings</a></li>
        <li><a href="/avatax/ssl-certificates">SSL Certificates</a></li>
        <li><a href="/avatax/errors-and-outages">Errors and Outages</a></li>
        <li><a href="/avatax/common-errors">Common Errors</a></li>
        <li><a href="/avatax/service-availability-and-performance">Service Availability</a></li>
        <li><a href="/avatax/going-live">Going Live</a></li>
    </ul>
</div>

            
        </nav>
        <main class="col-md-9">

<h1>Exempt Transactions
    
</h1>

<h2>Handling sales tax exempt customers in your integration</h2>
<p>Depending on how you store your customer information, there are several ways you can manage your customer’s exempt status. Here are all of the methods available, arranged in order of detail capability.</p>
<h3>Directly in the GetTaxRequest</h3>
<ul>
	<li>ExemptionNo
<ul>
	<li>You can find this in the GetTaxRequest at the document and line level. Sending any value in this field will flag the transaction as exempt. This may be the easiest of the methods, but it doesn't provide any backing information to explain the exemption in an audit. That would need to be managed manually by the user.</li>
</ul>
</li>
	<li>CustomerUsageType (Entity/Use Codes)
<ul>
	<li>This is also available in the GetTaxRequest at the document and line levels. It allows you to exempt a transaction by passing a pre-coded exemption reason (see values below), or you can create custom reasons with <a href="https://help.avalara.com/000_AvaTax_Calc/000AvaTaxCalc_User_Guide/051_Select_AvaTax_System_Tax_Codes/Add_Tax_Rules?origin=deflection#Add_an_exempt_entity_tax_rule">custom rules in the admin console</a>. This at least provides a way of explaining the reason for the exemption, but any certificates will still be managed manually by the user.</li>
</ul>
</li>
</ul>
<h3>Automating Certificate Management</h3>
<ul>
	<li>AvaTax Exemption Certificate Management System (ECMS)
<ul>
	<li>This is a certificate management tool available to all customers on the Admin Console. Certificates are imported to the admin console directly as placeholder records for a real certificate maintained by you on file. Certificates are matched to the CustomerCode in the GetTaxRequests, and transactions are exempted where appropriate.</li>
</ul>
</li>
	<li><a href="/certcapture/">Avalara CertCapture API</a>
<ul>
	<li>This is an add-on product that independently manages your exemption certificates. It allows you to store certificate images, send certificate requests to your customers (individually or in batches), and allows your customers to fill out certificate information directly through a wizard which results in an actual certificate. Certificates are matched to customer codes (and states applicable, and date ranges) on GetTaxRequests, and transactions are exempted where appropriate. This is not automatically included with AvaTax and would need to be purchased separately.</li>
</ul>
</li>
</ul>
<h4><a name="CustomerUsageType"></a>CustomerUsageType values</h4>
<p>CustomerUsageType (or Entity/Use Code) is a value that can be passed at the document or line level of a tax request, and identifies the customer within a group. Frequently, it is used to mark a customer as fully or partially tax exempt. To that end, there are pre-populated customer taxability profiles present in the AvaTax system with rules for the United States and Canada:</p>
<ol type="A">
	<li>Federal government (United States)</li>
	<li>State government (United States)</li>
	<li>Tribe / Status Indian / Indian Band (both)</li>
	<li>Foreign diplomat (both)</li>
	<li>Charitable or benevolent org (both)</li>
	<li>Religious or educational org (both)</li>
	<li>Resale (both)</li>
	<li>Commercial agricultural production (both)</li>
	<li>Industrial production / manufacturer (both)</li>
	<li>Direct pay permit (United States)</li>
	<li>Direct mail (United States)</li>
	<li>Other (both)</li>
	<li>Not Used</li>
	<li>Local government (United States)</li>
	<li>Not Used</li>
	<li>Commercial aquaculture (Canada)</li>
	<li>Commercial Fishery (Canada)</li>
	<li>Non-resident (Canada)</li>
</ol>
<p>MED1. US Medical Device Excise Tax with exempt sales tax
MED2. US Medical Device Excise Tax with taxable sales tax</p>

<p>You can modify the behavior of these codes (and create your own codes) with tax rules in the admin console.</p>

<p>Note that you only need to pass the single-letter code as the CustomerUsageType to trigger the exemption behavior.</p>

<hr />




<h4>Related Community Discussions</h4>
<div id="gsfn_list_widget">
<div id="gsfn_content">Loading...</div>
</div>
<script src="https://getsatisfaction.com/avalara/widgets/javascripts/f585970/widgets.js" type="text/javascript"></script><script src="https://getsatisfaction.com/avalara/topics.widget?callback=gsfnTopicsCallback&amp;length=240&amp;limit=5&amp;sort=recently_active&amp;user_defined_code=exemption" type="text/javascript"></script>
<div id="getsat-widget-8157"></div>
<script src="https://loader.engage.gsfn.us/loader.js" type="text/javascript"></script><script type="text/javascript">// <![CDATA[
if (typeof GSFN !== "undefined") { GSFN.loadWidget(8157,{"containerId":"getsat-widget-8157"}); }
// ]]>
</script>

</main>
    </section>
    
    
</div>
<footer class="navbar navbar-default">
    <ul class="social">
        <li class="twitter"><a href="https://twitter.com/Avalara">Twitter</a></li>
        <li class="facebook"><a href="https://www.facebook.com/avalara">Facebook</a></li>
        <li class="linkedin"><a href="https://www.linkedin.com/company/avalara">LinkedIn</a></li>
        <li class="youtube"><a href="https://www.youtube.com/user/Avalara1">Youtube</a></li>
    </ul>
    
    
    <ul class="github">
        <li><a href="https://github.com/Avalara/developer-dot/edit/master/avatax/handling-tax-exempt-customers.md">Edit this page on GitHub</a></li>
    </ul>
    
    <ul class="global">
        <li><a href="https://www.avalara.com/"><span class="icon-sphere"></span>Avalara.com</a></li>
        <li><a href="https://help.avalara.com/"><span class="icon-help"></span>Help Center</a></li>
    </ul>
    <ul class="legal">
        <li>&copy; Avalara, Inc. All rights reserved</li>
        <li><a href="https://www.avalara.com/site-terms/">Terms of use</a></li>
        <li><a href="https://www.avalara.com/privacy-policy/">Privacy Policy</a></li>
    </ul>
</footer>

<script src="/public/js/vendor/jquery-2.2.4.min.js"></script>
<script src="/public/js/vendor/bootstrap.min.js"></script>
<script src="/public/js/site.js"></script>


<script src='/public/js/vendor/aws-sdk-2.5.3.min.js'></script>
<script>AWS.config.region = 'us-west-2';</script>





<!-- Google Tag Manager -->
<noscript>
    <iframe src="//www.googletagmanager.com/ns.html?id=GTM-MKB5LP" height="0" width="0" style="display:none;visibility:hidden"></iframe>
</noscript>
<script>(function(w, d, s, l, i) {
    w[l] = w[l] || [];
    w[l].push({
        'gtm.start': new Date().getTime(), event: 'gtm.js'
    });
    var f = d.getElementsByTagName(s)[0],
        j = d.createElement(s), dl = l != 'dataLayer' ? '&l=' + l : '';
    j.async = true;
    j.src =
        '//www.googletagmanager.com/gtm.js?id=' + i + dl;
    f.parentNode.insertBefore(j, f);
})(window, document, 'script', 'dataLayer', 'GTM-MKB5LP');</script>
<!-- End Google Tag Manager -->
</body>
</html>
