<!DOCTYPE html>
<html>
<head>
    <meta charset="utf-8">
    <meta http-equiv="X-UA-Compatible" content="IE=edge,chrome=1">
    <meta name="robots" content="index,follow"/>
    <meta name="viewport" content="width=device-width, initial-scale=1.0">
    <title>Developer  : AvaTax REST v2 Error Codes</title>
    <meta name="description" content="">

    <meta property="og:title" content="Home"/>
    <meta property="og:type" content="article"/>
    <meta property="og:url" content="http://developer.avalara.com/"/>
    <meta property="og:site_name" content="Avalara Developer Network"/>
    <meta property="og:description" content="Avalara AvaTax Accurate and easy sales tax calculation Automatically tie your non-taxable transactions directly to the correct exemption or reseller certificate. Determine accurate taxability & duties for millions of products and services in over 100 countries."/>

    <link rel="apple-touch-icon" sizes="57x57" href="/public/images/favicon/apple-icon-57x57.png">
    <link rel="apple-touch-icon" sizes="60x60" href="/public/images/favicon/apple-icon-60x60.png">
    <link rel="apple-touch-icon" sizes="72x72" href="/public/images/favicon/apple-icon-72x72.png">
    <link rel="apple-touch-icon" sizes="76x76" href="/public/images/favicon/apple-icon-76x76.png">
    <link rel="apple-touch-icon" sizes="114x114" href="/public/images/favicon/apple-icon-114x114.png">
    <link rel="apple-touch-icon" sizes="120x120" href="/public/images/favicon/apple-icon-120x120.png">
    <link rel="apple-touch-icon" sizes="144x144" href="/public/images/favicon/apple-icon-144x144.png">
    <link rel="apple-touch-icon" sizes="152x152" href="/public/images/favicon/apple-icon-152x152.png">
    <link rel="apple-touch-icon" sizes="180x180" href="/public/images/favicon/apple-icon-180x180.png">
    <link rel="icon" type="image/png" sizes="192x192" href="/public/images/favicon/android-icon-192x192.png">
    <link rel="icon" type="image/png" sizes="32x32" href="/public/images/favicon/favicon-32x32.png">
    <link rel="icon" type="image/png" sizes="96x96" href="/public/images/favicon/favicon-96x96.png">
    <link rel="icon" type="image/png" sizes="16x16" href="/public/images/favicon/favicon-16x16.png">
    <link rel="manifest" href="/public/images/favicon/manifest.json">
    <meta name="msapplication-TileColor" content="#ffffff ">
    <meta name="msapplication-TileImage" content="/public/images/favicon/ms-icon-144x144.png">
    <meta name="theme-color" content="#ffffff ">

    <link rel="stylesheet" href="/public/css/style.css">
    
</head>


<body id="top" data-spy="scroll" data-target="#bootstrap-scrollspy" data-product=>
<header>
    <div class="pageTitle">
        <a href="/">
            <img src="/public/images/Avalara_logo.svg" alt="Avalara Developer Network">
            <span>Developer</span>
        </a>
        
    </div>
    <nav class="navbar navbar-default navbar-static">
        <div class="navbar-header">
            <button class="navbar-toggle collapsed" type="button" data-toggle="collapse" data-target=".js-navbar-collapse">
                <span>Menu</span>
            </button>
        </div>
        <div class="collapse navbar-collapse js-navbar-collapse">
            <ul class="nav navbar-nav ">
                <li class="home"><a href="/"><span class="text-uppercase">Welcome</span></a></li>
                <li class="apis visible-xs-block"><a href="/avalara-apis"><span class="text-uppercase">API</span>s</a></li>
                <li class="apis dropdown dropdown-large hidden-xs">
                    <a class="dropdown-toggle" data-toggle="dropdown"><span class="text-uppercase">API</span>s <i class="caret"></i></a>
                    <div class="dropdown-menu dropdown-menu-large">
                        <div class="row">
                            <div class="col-md-12"><a href="/avalara-apis">APIs overview</a></div>
                        </div>
                        <div class="row">
                            <div class="col-sm-8">
                                <h2>Tax calculation</h2>
                                
                                <h4>Avalara AvaTax</h4>
                                <ul class="pipe">
                                    
                                    <li><a href="/avatax">Overview</a></li>
                                    
                                    <li><a href="/avatax/use-cases">Use cases</a></li>
                                    
                                    <li><a href="/avatax/api-reference/tax/v1">API references</a></li>
                                    
                                    <li><a href="/avatax/get-started">Set up your sandbox</a></li>
                                    
                                    <li><a href="/avatax/testing-your-integration">Test your integration</a></li>
                                    
                                    <li><a href="/avatax/certification">Integration checklists</a></li>
                                    
                                </ul>
                                
                                
                                <h4>Avalara Communications</h4>
                                <ul class="pipe">
                                    
                                    <li><a href="/communications">Overview</a></li>
                                    
                                    <li><a href="/communications/api-reference/saas/soap">API references</a></li>
                                    
                                    <li><a href="/communications/certification">Integration checklists</a></li>
                                    
                                </ul>
                                
                                
                                <h4>Avalara Excise</h4>
                                <ul class="pipe">
                                    
                                    <li><a href="/excise">Overview</a></li>
                                    
                                    <li><a href="/excise/api-reference/tax-determination/v5_18_0">API references</a></li>
                                    
                                    <li><a href="/excise/certification">Integration checklists</a></li>
                                    
                                </ul>
                                
                                
                                <h4>Avalara LandedCost</h4>
                                <ul class="pipe">
                                    
                                    <li><a href="/landedcost">Overview</a></li>
                                    
                                    <li><a href="/landedcost/api-reference/v3">API references</a></li>
                                    
                                </ul>
                                
                            </div>
                            <div class="col-sm-4">
                                <h2>Compliance document management</h2>
                                
                                <h4>Avalara CertCapture</h4>
                                <ul class="pipe">
                                    
                                    <li><a href="/certcapture">Overview</a></li>
                                    
                                    <li><a href="http://docs.certcapture6xrest.apiary.io/">API references</a></li>
                                    
                                    <li><a href="/certcapture/certification">Integration checklists</a></li>
                                    
                                </ul>
                                
                                <h2>Returns &amp; filing</h2>
                                
                                
                                <h4>Avalara TrustFile</h4>
                                <ul class="pipe">
                                    
                                    <li><a href="/trustfile">Overview</a></li>
                                    
                                    <li><a href="/trustfile/api-reference/core/v3">API references</a></li>
                                    
                                </ul>
                                
                            </div>
                        </div>
                    </div>
                </li>
                <li class="certification"><a href="/certification"><span class="text-uppercase">Become Certified</span></a></li>
                <li class="resources dropdown dropdown-large hidden-xs">
                    <a class="dropdown-toggle" data-toggle="dropdown"><span class="text-uppercase">Resources</span> <b class="caret"></b></a>
                    <ul class="dropdown-menu dropdown-menu-large">
                        <li><a href="/blog">Developer Blog</a></li>
                        <li><a href="/resources/preferred-developers">Preferred developers</a></li>
                        <li><a href="https://community.avalara.com/avalara/category_sets/developers">Help Forum</a></li>
                    </ul>
                </li>
                <li class="resources visible-xs-block"><a href="/blog"><span class="text-uppercase">Developer Blog</span></a></li>
                <li class="resources visible-xs-block"><a href="/resources/preferred-developers"><span class="text-uppercase">Preferred developers</span></a></li>
                <li class="resources visible-xs-block"><a href="https://community.avalara.com/avalara/category_sets/developers"><span class="text-uppercase">Help Forum</span></a></li>
                <li class="resources visible-xs-block"><a href="/search"><span class="text-uppercase">Search</span></a></li>
                <li class="hdr-search-icon hidden-xs">
                    <i class="mouse glyphicon glyphicon-search mouse"></i>
                </li>
                <form class="hdr-search-form horizontal hidden-xs hidden">
                    <div class="row">
                        
                        <div class="col-md-12">
                            <button type="button" class="close" aria-label="Close"><span>&times;</span></button>
                        </div>
                        
                    </div>
                    <div class="row">
                        <div class="form-group col-md-9">
                            <input class="form-control" type="search" placeholder="Search" >
                            <span class="form-control-feedback">!</span>
                        </div>
                        <div class="form-group col-md-3">
                            <input type="submit" class="btn btn-primary" value="Search">
                        </div>
                    </div>
                </form>
            </ul>
        </div>
    </nav>
</header>
<div class="container-fluid ">
    
    
    <section class="row padding-sides">
        <main class="col-md-12">

<h1>AvaTax REST v2 Error Codes
    
</h1>

<h2>AvaTax REST v2 Error Codes</h2>
<table class="styled-table">
	<thead>
		<tr>
			<th valign = "top" width="75">Number</th>
			<th valign = "top" width="168">Message</th>
			<th valign = "top" width="245">Summary</th>
		</tr>
	</thead>
	<tbody>
		
        <tr>
			<td>1</td>
			<td><a href="ServerConfiguration">ServerConfiguration</a></td>
			<td>Indicates that there is a server configuration problem with one of the servers in Avalara's AvaTax cluster.</td>
		</tr>		
        <tr>
			<td>4</td>
			<td><a href="EntityNotFoundError">EntityNotFoundError</a></td>
			<td>You attempted to act on, retrieve, update, or delete an object that does not exist.</td>
		</tr>		
        <tr>
			<td>5</td>
			<td><a href="ValueRequiredError">ValueRequiredError</a></td>
			<td>You submitted a request and did not provide a value in a required field.</td>
		</tr>		
        <tr>
			<td>6</td>
			<td><a href="RangeError">RangeError</a></td>
			<td>You attempted to set a value that must be within a range, but your value was outside of the range.</td>
		</tr>		
        <tr>
			<td>7</td>
			<td><a href="RangeCompareError">RangeCompareError</a></td>
			<td>You specified an out-of-bounds field value.</td>
		</tr>		
        <tr>
			<td>8</td>
			<td><a href="RangeSetError">RangeSetError</a></td>
			<td>You attempted to set a value that was not permitted.</td>
		</tr>		
        <tr>
			<td>9</td>
			<td><a href="TaxpayerNumberRequired">TaxpayerNumberRequired</a></td>
			<td>Customers subscribing to Avalara Returns must identify each company by its United States Taxpayer ID Number (TIN).</td>
		</tr>		
        <tr>
			<td>12</td>
			<td><a href="PasswordMinComplexityError">PasswordMinComplexityError</a></td>
			<td>This password does not meet the complexity requirements set by AvaTax.</td>
		</tr>		
        <tr>
			<td>13</td>
			<td><a href="StringLengthError">StringLengthError</a></td>
			<td>One of the strings you uploaded to the server is too long and cannot be saved.</td>
		</tr>		
        <tr>
			<td>14</td>
			<td><a href="StringValueRequiredError">StringValueRequiredError</a></td>
			<td>One of the fields designated in your object model was null, but a string value is required.</td>
		</tr>		
        <tr>
			<td>15</td>
			<td><a href="EmailValidationError">EmailValidationError</a></td>
			<td>You attempted to provide an email address that does not conform to email address standards.</td>
		</tr>		
        <tr>
			<td>16</td>
			<td><a href="EmailMissingError">EmailMissingError</a></td>
			<td>You must provide an email address with this request.</td>
		</tr>		
        <tr>
			<td>17</td>
			<td><a href="ParserFieldNameError">ParserFieldNameError</a></td>
			<td>You attempted to search on a field that does not exist or cannot be searched.</td>
		</tr>		
        <tr>
			<td>18</td>
			<td><a href="ParserFieldValueError">ParserFieldValueError</a></td>
			<td>You attempted to search for a value that is not a correct value type.</td>
		</tr>		
        <tr>
			<td>19</td>
			<td><a href="ParserSyntaxError">ParserSyntaxError</a></td>
			<td>You provided an unrecognized string or token in the "$filter" parameter of your fetch request.</td>
		</tr>		
        <tr>
			<td>20</td>
			<td><a href="ParserTooManyParametersError">ParserTooManyParametersError</a></td>
			<td>You attempted a fetch call that included too many parameters.</td>
		</tr>		
        <tr>
			<td>21</td>
			<td><a href="ParserUnterminatedValueError">ParserUnterminatedValueError</a></td>
			<td>You attempted to retrieve data with a "$filter" parameter that contained syntax errors.</td>
		</tr>		
        <tr>
			<td>22</td>
			<td><a href="DeleteUserSelfError">DeleteUserSelfError</a></td>
			<td>A user account may not call DELETE on the user itself.</td>
		</tr>		
        <tr>
			<td>23</td>
			<td><a href="OldPasswordInvalid">OldPasswordInvalid</a></td>
			<td>You attempted to reset a password but you did not provide a correct old password value.</td>
		</tr>		
        <tr>
			<td>24</td>
			<td><a href="CannotChangePassword">CannotChangePassword</a></td>
			<td>You attempted to change passwords for a user who is not permitted to change their password.</td>
		</tr>		
        <tr>
			<td>25</td>
			<td><a href="CannotChangeCompanyCode">CannotChangeCompanyCode</a></td>
			<td>The company code for a company is set when the company is created and may not be changed.</td>
		</tr>		
        <tr>
			<td>30</td>
			<td><a href="AuthenticationException">AuthenticationException</a></td>
			<td>The credentials you provided to AvaTax could not be validated.</td>
		</tr>		
        <tr>
			<td>31</td>
			<td><a href="AuthorizationException">AuthorizationException</a></td>
			<td>Your account is not authorized to call this API.</td>
		</tr>		
        <tr>
			<td>32</td>
			<td><a href="ValidationException">ValidationException</a></td>
			<td>Your API call contained an incorrectly structured object.</td>
		</tr>		
        <tr>
			<td>33</td>
			<td><a href="InactiveUserError">InactiveUserError</a></td>
			<td>This user account is currently inactive.</td>
		</tr>		
        <tr>
			<td>34</td>
			<td><a href="AuthenticationIncomplete">AuthenticationIncomplete</a></td>
			<td>Your API call did not contain authentication information.</td>
		</tr>		
        <tr>
			<td>35</td>
			<td><a href="BasicAuthIncorrect">BasicAuthIncorrect</a></td>
			<td>Your Basic authorization header was not encoded correctly.</td>
		</tr>		
        <tr>
			<td>36</td>
			<td><a href="IdentityServerError">IdentityServerError</a></td>
			<td>A problem was detected with Avalara Identity.</td>
		</tr>		
        <tr>
			<td>37</td>
			<td><a href="BearerTokenInvalid">BearerTokenInvalid</a></td>
			<td>The Bearer Token that you used for authentication was not valid.</td>
		</tr>		
        <tr>
			<td>38</td>
			<td><a href="ModelRequiredException">ModelRequiredException</a></td>
			<td>You called an API that requires an object, but you did not provide an object.</td>
		</tr>		
        <tr>
			<td>39</td>
			<td><a href="AccountExpiredException">AccountExpiredException</a></td>
			<td>Your AvaTax account has expired, or is not yet enabled.  You may need to contact your customer account manager for assistance.</td>
		</tr>		
        <tr>
			<td>40</td>
			<td><a href="VisibilityError">VisibilityError</a></td>
			<td>You attempted to request an object from AvaTax that you are not permitted to see.</td>
		</tr>		
        <tr>
			<td>50</td>
			<td><a href="UnhandledException">UnhandledException</a></td>
			<td>The API you attempted to call resulted in an unhandled exception within Avalara AvaTax.</td>
		</tr>		
        <tr>
			<td>60</td>
			<td><a href="ReportingCompanyMustHaveContactsError">ReportingCompanyMustHaveContactsError</a></td>
			<td>A company that is designated to report taxes must have at least one designated contact person.</td>
		</tr>		
        <tr>
			<td>61</td>
			<td><a href="CompanyProfileNotSet">CompanyProfileNotSet</a></td>
			<td>This error occurs when you try to modify the tax profile of a company that inherits its tax profile from its parent.</td>
		</tr>		
        <tr>
			<td>70</td>
			<td><a href="ModelStateInvalid">ModelStateInvalid</a></td>
			<td>You provided an incorrectly structured object to AvaTax.</td>
		</tr>		
        <tr>
			<td>80</td>
			<td><a href="DateRangeError">DateRangeError</a></td>
			<td>This error occurs when you create an object whose end date is before its effective date.</td>
		</tr>		
        <tr>
			<td>81</td>
			<td><a href="InvalidDateRangeError">InvalidDateRangeError</a></td>
			<td>You specified a date outside of the allowable range.</td>
		</tr>		
        <tr>
			<td>100</td>
			<td><a href="DeleteInformation">DeleteInformation</a></td>
			<td>This message represents information provided about an object that was deleted.</td>
		</tr>		
        <tr>
			<td>120</td>
			<td><a href="CannotCreateDeletedObjects">CannotCreateDeletedObjects</a></td>
			<td>You may not create an object with a "Deleted" flag.</td>
		</tr>		
        <tr>
			<td>121</td>
			<td><a href="CannotModifyDeletedObjects">CannotModifyDeletedObjects</a></td>
			<td>If an object has been deleted, you may not modify it further after its deletion.</td>
		</tr>		
        <tr>
			<td>122</td>
			<td><a href="ReturnNameNotFound">ReturnNameNotFound</a></td>
			<td>You attempted to create a filing calendar for a return that is not recognized by AvaTax.</td>
		</tr>		
        <tr>
			<td>123</td>
			<td><a href="InvalidAddressTypeAndCategory">InvalidAddressTypeAndCategory</a></td>
			<td>When creating a location, you must specify a compatible AddressType and AddressCategory value.</td>
		</tr>		
        <tr>
			<td>124</td>
			<td><a href="DefaultCompanyLocation">DefaultCompanyLocation</a></td>
			<td>The default location for a company must be a physical-type location rather than a salesperson-type location.</td>
		</tr>		
        <tr>
			<td>125</td>
			<td><a href="InvalidCountry">InvalidCountry</a></td>
			<td>The country code you provided is not recognized as a valid ISO 3166 country code.</td>
		</tr>		
        <tr>
			<td>126</td>
			<td><a href="InvalidCountryRegion">InvalidCountryRegion</a></td>
			<td>You specified a country/region that was not recognized by the ISO 3166 country/region code system.</td>
		</tr>		
        <tr>
			<td>127</td>
			<td><a href="BrazilValidationError">BrazilValidationError</a></td>
			<td>Reserved for future use.</td>
		</tr>		
        <tr>
			<td>128</td>
			<td><a href="BrazilExemptValidationError">BrazilExemptValidationError</a></td>
			<td>Reserved for future use.</td>
		</tr>		
        <tr>
			<td>129</td>
			<td><a href="BrazilPisCofinsError">BrazilPisCofinsError</a></td>
			<td>Reserved for future use.</td>
		</tr>		
        <tr>
			<td>130</td>
			<td><a href="JurisdictionNotFoundError">JurisdictionNotFoundError</a></td>
			<td>The specified jurisdiction could not be found.</td>
		</tr>		
        <tr>
			<td>131</td>
			<td><a href="MedicalExciseError">MedicalExciseError</a></td>
			<td>You attempted to create a tax rule that designated a device as medical excise tax for an incorrect jurisdiction.</td>
		</tr>		
        <tr>
			<td>132</td>
			<td><a href="RateDependsTaxabilityError">RateDependsTaxabilityError</a></td>
			<td>You created a tax rule with a RateDepends option, but that rule is not a TaxabilityRule.</td>
		</tr>		
        <tr>
			<td>133</td>
			<td><a href="RateDependsEuropeError">RateDependsEuropeError</a></td>
			<td>The RateDepends option is only valid for countries in the European Union.</td>
		</tr>		
        <tr>
			<td>135</td>
			<td><a href="RateTypeNotSupported">RateTypeNotSupported</a></td>
			<td>You attempted to choose a rate type that is not supported for the country you selected.</td>
		</tr>		
        <tr>
			<td>136</td>
			<td><a href="CannotUpdateNestedObjects">CannotUpdateNestedObjects</a></td>
			<td>In AvaTax REST, you can create objects with nested children, but you cannot update objects with nested children.</td>
		</tr>		
        <tr>
			<td>137</td>
			<td><a href="UPCCodeInvalidChars">UPCCodeInvalidChars</a></td>
			<td>Your UPC code contains invalid characters.</td>
		</tr>		
        <tr>
			<td>138</td>
			<td><a href="UPCCodeInvalidLength">UPCCodeInvalidLength</a></td>
			<td>Your UPC code was too long to fit into the standard UPC object field.</td>
		</tr>		
        <tr>
			<td>139</td>
			<td><a href="IncorrectPathError">IncorrectPathError</a></td>
			<td>You attempted to modify an object but you provided an object that matches a different URL.</td>
		</tr>		
        <tr>
			<td>140</td>
			<td><a href="InvalidJurisdictionType">InvalidJurisdictionType</a></td>
			<td>You specified a jurisdiction type that is not recognized.</td>
		</tr>		
        <tr>
			<td>141</td>
			<td><a href="MustConfirmResetLicenseKey">MustConfirmResetLicenseKey</a></td>
			<td>When resetting a license key for your account, you must provide a flag that indicates that you really want to reset your license key.</td>
		</tr>		
        <tr>
			<td>142</td>
			<td><a href="DuplicateCompanyCode">DuplicateCompanyCode</a></td>
			<td>You cannot create two companies with the same company code.</td>
		</tr>		
        <tr>
			<td>143</td>
			<td><a href="TINFormatError">TINFormatError</a></td>
			<td>The U.S. Taxpayer Identification Number you provided is not in a recognized format.</td>
		</tr>		
        <tr>
			<td>144</td>
			<td><a href="DuplicateNexusError">DuplicateNexusError</a></td>
			<td>Nexus is a concept used to declare that your business is subject to taxation by a particular jurisdiction; you may not declare any one jurisdiction more than once.</td>
		</tr>		
        <tr>
			<td>145</td>
			<td><a href="UnknownNexusError">UnknownNexusError</a></td>
			<td>You attempted to declare nexus in a jurisdiction that is not recognized by AvaTax.</td>
		</tr>		
        <tr>
			<td>146</td>
			<td><a href="ParentNexusNotFound">ParentNexusNotFound</a></td>
			<td>You attempted to create a nexus in a tax authority that is underneath a parent tax authority, but you have not yet declared nexus with the parent tax authority.</td>
		</tr>		
        <tr>
			<td>147</td>
			<td><a href="InvalidTaxCodeType">InvalidTaxCodeType</a></td>
			<td>You specified a tax code type that is not recognized by Avalara.</td>
		</tr>		
        <tr>
			<td>200</td>
			<td><a href="BatchSalesAuditMustBeZippedError">BatchSalesAuditMustBeZippedError</a></td>
			<td>Sales audit files must be uploaded in ZIP or RAR formats.</td>
		</tr>		
        <tr>
			<td>201</td>
			<td><a href="BatchZipMustContainOneFileError">BatchZipMustContainOneFileError</a></td>
			<td>Compressed files uploaded to the Batch service must contain exactly one file.</td>
		</tr>		
        <tr>
			<td>202</td>
			<td><a href="BatchInvalidFileTypeError">BatchInvalidFileTypeError</a></td>
			<td>You uploaded a batch file with an incorrect file type.</td>
		</tr>		
        <tr>
			<td>300</td>
			<td><a href="GetTaxError">GetTaxError</a></td>
			<td>A problem occurred when you attempted to create a transaction through AvaTax.</td>
		</tr>		
        <tr>
			<td>301</td>
			<td><a href="AddressConflictException">AddressConflictException</a></td>
			<td>You attempted to add multiple addresses to a transaction that was flagged as a single-address transaction.</td>
		</tr>		
        <tr>
			<td>303</td>
			<td><a href="DocumentCodeConflict">DocumentCodeConflict</a></td>
			<td>You attempted to create a document with a code that matches an existing transaction.</td>
		</tr>		
        <tr>
			<td>304</td>
			<td><a href="MissingAddress">MissingAddress</a></td>
			<td>When creating transactions, you must at a minimum provide an origin and destination address.</td>
		</tr>		
        <tr>
			<td>305</td>
			<td><a href="InvalidParameter">InvalidParameter</a></td>
			<td>When adding parameters to your CreateTransactionModel, you must use a valid parameter name.</td>
		</tr>		
        <tr>
			<td>306</td>
			<td><a href="InvalidParameterValue">InvalidParameterValue</a></td>
			<td>When adding parameters to your CreateTransactionModel, you must specify a parameter of the correct type.</td>
		</tr>		
        <tr>
			<td>307</td>
			<td><a href="CompanyCodeConflict">CompanyCodeConflict</a></td>
			<td>The company code in the URL of your API call did not match the company code of the transaction you uploaded.</td>
		</tr>		
        <tr>
			<td>400</td>
			<td><a href="BadDocumentFetch">BadDocumentFetch</a></td>
			<td>This error indicates that you have provided an incorrect "$include" value to the GET /api/v2/companies/{0}/transactions endpoint.</td>
		</tr>		
        <tr>
			<td>500</td>
			<td><a href="ServerUnreachable">ServerUnreachable</a></td>
			<td>One of the servers in the Avalara AvaTax API cluster is unreachable and your API call could not be completed.</td>
		</tr>		
        <tr>
			<td>600</td>
			<td><a href="SubscriptionRequired">SubscriptionRequired</a></td>
			<td>This Avalara API call requires an active subscription to a specific service.</td>
		</tr></tbody></table>


</main>
    </section>
    
    
</div>
<footer class="navbar navbar-default">
    <ul class="social">
        <li class="twitter"><a href="https://twitter.com/Avalara">Twitter</a></li>
        <li class="facebook"><a href="https://www.facebook.com/avalara">Facebook</a></li>
        <li class="linkedin"><a href="https://www.linkedin.com/company/avalara">LinkedIn</a></li>
        <li class="youtube"><a href="https://www.youtube.com/user/Avalara1">Youtube</a></li>
    </ul>
    
    
    <ul class="github">
        <li><a href="https://github.com/Avalara/developer-dot/edit/master/avatax/errors/index.html">Edit this page on GitHub</a></li>
    </ul>
    
    <ul class="global">
        <li><a href="https://www.avalara.com/"><span class="icon-sphere"></span>Avalara.com</a></li>
        <li><a href="https://help.avalara.com/"><span class="icon-help"></span>Help Center</a></li>
    </ul>
    <ul class="legal">
        <li>&copy; Avalara, Inc. All rights reserved</li>
        <li><a href="https://www.avalara.com/site-terms/">Terms of use</a></li>
        <li><a href="https://www.avalara.com/privacy-policy/">Privacy Policy</a></li>
    </ul>
</footer>

<script src="/public/js/vendor/jquery-2.2.4.min.js"></script>
<script src="/public/js/vendor/bootstrap.min.js"></script>
<script src="/public/js/site.js"></script>


<script src='/public/js/vendor/aws-sdk-2.5.3.min.js'></script>
<script>AWS.config.region = 'us-west-2';</script>





<!-- Google Tag Manager -->
<noscript>
    <iframe src="//www.googletagmanager.com/ns.html?id=GTM-MKB5LP" height="0" width="0" style="display:none;visibility:hidden"></iframe>
</noscript>
<script>(function(w, d, s, l, i) {
    w[l] = w[l] || [];
    w[l].push({
        'gtm.start': new Date().getTime(), event: 'gtm.js'
    });
    var f = d.getElementsByTagName(s)[0],
        j = d.createElement(s), dl = l != 'dataLayer' ? '&l=' + l : '';
    j.async = true;
    j.src =
        '//www.googletagmanager.com/gtm.js?id=' + i + dl;
    f.parentNode.insertBefore(j, f);
})(window, document, 'script', 'dataLayer', 'GTM-MKB5LP');</script>
<!-- End Google Tag Manager -->
</body>
</html>
