<!DOCTYPE html>
<html>
<head>
    <meta charset="utf-8">
    <meta http-equiv="X-UA-Compatible" content="IE=edge,chrome=1">
    <meta name="robots" content="index,follow"/>
    <meta name="viewport" content="width=device-width, initial-scale=1.0">
    <title>Developer  : Filtering in AvaTax REST v2</title>
    <meta name="description" content="">

    <meta property="og:title" content="Home"/>
    <meta property="og:type" content="article"/>
    <meta property="og:url" content="http://developer.avalara.com/"/>
    <meta property="og:site_name" content="Avalara Developer Network"/>
    <meta property="og:description" content="Avalara AvaTax Accurate and easy sales tax calculation Automatically tie your non-taxable transactions directly to the correct exemption or reseller certificate. Determine accurate taxability & duties for millions of products and services in over 100 countries."/>

    <link rel="apple-touch-icon" sizes="57x57" href="/public/images/favicon/apple-icon-57x57.png">
    <link rel="apple-touch-icon" sizes="60x60" href="/public/images/favicon/apple-icon-60x60.png">
    <link rel="apple-touch-icon" sizes="72x72" href="/public/images/favicon/apple-icon-72x72.png">
    <link rel="apple-touch-icon" sizes="76x76" href="/public/images/favicon/apple-icon-76x76.png">
    <link rel="apple-touch-icon" sizes="114x114" href="/public/images/favicon/apple-icon-114x114.png">
    <link rel="apple-touch-icon" sizes="120x120" href="/public/images/favicon/apple-icon-120x120.png">
    <link rel="apple-touch-icon" sizes="144x144" href="/public/images/favicon/apple-icon-144x144.png">
    <link rel="apple-touch-icon" sizes="152x152" href="/public/images/favicon/apple-icon-152x152.png">
    <link rel="apple-touch-icon" sizes="180x180" href="/public/images/favicon/apple-icon-180x180.png">
    <link rel="icon" type="image/png" sizes="192x192" href="/public/images/favicon/android-icon-192x192.png">
    <link rel="icon" type="image/png" sizes="32x32" href="/public/images/favicon/favicon-32x32.png">
    <link rel="icon" type="image/png" sizes="96x96" href="/public/images/favicon/favicon-96x96.png">
    <link rel="icon" type="image/png" sizes="16x16" href="/public/images/favicon/favicon-16x16.png">
    <link rel="manifest" href="/public/images/favicon/manifest.json">
    <meta name="msapplication-TileColor" content="#ffffff ">
    <meta name="msapplication-TileImage" content="/public/images/favicon/ms-icon-144x144.png">
    <meta name="theme-color" content="#ffffff ">

    <link rel="stylesheet" href="/public/css/style.css">
    
</head>


<body id="top" data-spy="scroll" data-target="#bootstrap-scrollspy" data-product=avaTax>
<header>
    <div class="pageTitle">
        <a href="/">
            <img src="/public/images/Avalara_logo.svg" alt="Avalara Developer Network">
            <span>Developer</span>
        </a>
        <span class="slash">/&nbsp;</span><a href="/avatax">avaTax</a>
    </div>
    <nav class="navbar navbar-default navbar-static">
        <div class="navbar-header">
            <button class="navbar-toggle collapsed" type="button" data-toggle="collapse" data-target=".js-navbar-collapse">
                <span>Menu</span>
            </button>
        </div>
        <div class="collapse navbar-collapse js-navbar-collapse">
            <ul class="nav navbar-nav apis">
                <li class="home"><a href="/"><span class="text-uppercase">Welcome</span></a></li>
                <li class="apis visible-xs-block"><a href="/avalara-apis"><span class="text-uppercase">API</span>s</a></li>
                <li class="apis dropdown dropdown-large hidden-xs">
                    <a class="dropdown-toggle" data-toggle="dropdown"><span class="text-uppercase">API</span>s <i class="caret"></i></a>
                    <div class="dropdown-menu dropdown-menu-large">
                        <div class="row">
                            <div class="col-md-12"><a href="/avalara-apis">APIs overview</a></div>
                        </div>
                        <div class="row">
                            <div class="col-sm-8">
                                <h2>Tax calculation</h2>
                                
                                <h4>Avalara AvaTax</h4>
                                <ul class="pipe">
                                    
                                    <li><a href="/avatax">Overview</a></li>
                                    
                                    <li><a href="/avatax/use-cases">Use cases</a></li>
                                    
                                    <li><a href="/avatax/api-reference/tax/v1">API references</a></li>
                                    
                                    <li><a href="/avatax/get-started">Set up your sandbox</a></li>
                                    
                                    <li><a href="/avatax/testing-your-integration">Test your integration</a></li>
                                    
                                    <li><a href="/avatax/certification">Integration checklists</a></li>
                                    
                                </ul>
                                
                                
                                <h4>Avalara Communications</h4>
                                <ul class="pipe">
                                    
                                    <li><a href="/communications">Overview</a></li>
                                    
                                    <li><a href="/communications/api-reference/saas/soap">API references</a></li>
                                    
                                    <li><a href="/communications/certification">Integration checklists</a></li>
                                    
                                </ul>
                                
                                
                                <h4>Avalara Excise</h4>
                                <ul class="pipe">
                                    
                                    <li><a href="/excise">Overview</a></li>
                                    
                                    <li><a href="/excise/api-reference/tax-determination/v5_18_0">API references</a></li>
                                    
                                    <li><a href="/excise/certification">Integration checklists</a></li>
                                    
                                </ul>
                                
                                
                                <h4>Avalara LandedCost</h4>
                                <ul class="pipe">
                                    
                                    <li><a href="/landedcost">Overview</a></li>
                                    
                                    <li><a href="/landedcost/api-reference/v3">API references</a></li>
                                    
                                </ul>
                                
                            </div>
                            <div class="col-sm-4">
                                <h2>Compliance document management</h2>
                                
                                <h4>Avalara CertCapture</h4>
                                <ul class="pipe">
                                    
                                    <li><a href="/certcapture">Overview</a></li>
                                    
                                    <li><a href="http://docs.certcapture6xrest.apiary.io/">API references</a></li>
                                    
                                    <li><a href="/certcapture/certification">Integration checklists</a></li>
                                    
                                </ul>
                                
                                <h2>Returns &amp; filing</h2>
                                
                                
                                <h4>Avalara TrustFile</h4>
                                <ul class="pipe">
                                    
                                    <li><a href="/trustfile">Overview</a></li>
                                    
                                    <li><a href="/trustfile/api-reference/core/v3">API references</a></li>
                                    
                                </ul>
                                
                            </div>
                        </div>
                    </div>
                </li>
                <li class="certification"><a href="/certification"><span class="text-uppercase">Become Certified</span></a></li>
                <li class="resources dropdown dropdown-large hidden-xs">
                    <a class="dropdown-toggle" data-toggle="dropdown"><span class="text-uppercase">Resources</span> <b class="caret"></b></a>
                    <ul class="dropdown-menu dropdown-menu-large">
                        <li><a href="/blog">Developer Blog</a></li>
                        <li><a href="/resources/preferred-developers">Preferred developers</a></li>
                        <li><a href="https://community.avalara.com/avalara/category_sets/developers">Help Forum</a></li>
                    </ul>
                </li>
                <li class="resources visible-xs-block"><a href="/blog"><span class="text-uppercase">Developer Blog</span></a></li>
                <li class="resources visible-xs-block"><a href="/resources/preferred-developers"><span class="text-uppercase">Preferred developers</span></a></li>
                <li class="resources visible-xs-block"><a href="https://community.avalara.com/avalara/category_sets/developers"><span class="text-uppercase">Help Forum</span></a></li>
                <li class="resources visible-xs-block"><a href="/search"><span class="text-uppercase">Search</span></a></li>
                <li class="hdr-search-icon hidden-xs">
                    <i class="mouse glyphicon glyphicon-search mouse"></i>
                </li>
                <form class="hdr-search-form horizontal hidden-xs hidden">
                    <div class="row">
                        
                        <div class="col-md-9"><label><input type="checkbox" id="filterSite"> Search entire site</label></div>
                        <div class="col-md-3">
                            <button type="button" class="close" aria-label="Close"><span>&times;</span></button>
                        </div>
                        
                    </div>
                    <div class="row">
                        <div class="form-group col-md-9">
                            <input class="form-control" type="search" placeholder="Search Developer / Avatax" >
                            <span class="form-control-feedback">!</span>
                        </div>
                        <div class="form-group col-md-3">
                            <input type="submit" class="btn btn-primary" value="Search">
                        </div>
                    </div>
                </form>
            </ul>
        </div>
    </nav>
</header>
<div class="container-fluid use_cases">
    


<div class="breadcrumbs">
    <div class="col-md-12">
        <ul class="pipe">
            <li><span class="text-uppercase">Tax Calculation API</span>s</li>
            <li class="text-uppercase"><a href="/avatax">Avalara avaTax</a></li>
            <li class="text-uppercase">use cases</li>
        </ul>
    </div>
</div>

    
    <section class="row padding-sides half">
        <nav class="col-md-3">
            
            <ul class="api-ref-side-nav nav nav-pills nav-stacked hidden-xs hidden-sm">
    <li ><a href="/avatax/use-cases">Document Workflow</a></li>
    <li ><a href="/avatax/calculating-tax">Calculating Tax</a></li>
    <li ><a href="/avatax/address-validation">Address Validation</a></li>
    <li ><a href="/avatax/reportable-transactions">Reportable Transactions</a></li>
    <li ><a href="/avatax/handling-return-invoices">Product Returns</a></li>
    <li ><a href="/avatax/handling-tax-exempt-customers">Exempt Transactions</a></li>
    <li ><a href="/avatax/voiding-documents">Voiding Documents</a></li>
    <li ><a href="/avatax/vat-transactions">VAT Transactions</a></li>
    <li ><a href="/avatax/drop-shipping">Drop Shipping</a></li>
    <li ><a href="/avatax/consumer-use-tax">Consumer Use Tax</a></li>
    <li ><a href="/avatax/automated-provisioning">Automated Provisioning</a></li>
    <li ><a href="/avatax/sample-code">Sample Code</a></li>
    <li ><a href="/avatax/soap-or-rest">SOAP or REST</a></li>
    <li class="active"><a href="/avatax/filtering-in-rest/">Filtering in REST</a></li>
    <li ><a href="/avatax/finding-your-companyid">Finding Your CompanyId</a></li>
    <li ><a href="/avatax/proxy-server-settings">Proxy Server Settings</a></li>
    <li ><a href="/avatax/ssl-certificates">SSL Certificates</a></li>
    <li ><a href="/avatax/errors-and-outages">Errors and Outages</a></li>
    <li ><a href="/avatax/common-errors">Common Errors</a></li>
    <li ><a href="/avatax/service-availability-and-performance">Service Availability</a></li>
    <li ><a href="/avatax/going-live">Going Live</a></li>
</ul>
<div class="sm-section-nav dropdown visible-xs-block visible-sm-block">
    <button id="use-case-nav" type="button" data-toggle="dropdown">Use Cases</button>
    <ul class="dropdown-menu" aria-labelledby="use-case-nav">
        <li><a href="/avatax/use-cases">Document Workflow</a></li>
        <li><a href="/avatax/calculating-tax">Calculating Tax</a></li>
        <li><a href="/avatax/address-validation">Address Validation</a></li>
        <li><a href="/avatax/reportable-transactions">Reportable Transactions</a></li>
        <li><a href="/avatax/handling-return-invoices">Product Returns</a></li>
        <li><a href="/avatax/handling-tax-exempt-customers">Exempt Transactions</a></li>
        <li><a href="/avatax/voiding-documents">Voiding Documents</a></li>
        <li><a href="/avatax/vat-transactions">VAT Transactions</a></li>
        <li><a href="/avatax/drop-shipping">Drop Shipping</a></li>
        <li><a href="/avatax/consumer-use-tax">Consumer Use Tax</a></li>
        <li><a href="/avatax/automated-provisioning">Automated Provisioning</a></li>
        <li><a href="/avatax/sample-code">Sample Code</a></li>
        <li><a href="/avatax/soap-or-rest">SOAP or REST</a></li>
        <li><a href="/avatax/filtering-in-rest">Filtering in REST</a></li>
        <li><a href="/avatax/finding-your-companyid">Finding Your CompanyId</a></li>
        <li><a href="/avatax/proxy-server-settings">Proxy Server Settings</a></li>
        <li><a href="/avatax/ssl-certificates">SSL Certificates</a></li>
        <li><a href="/avatax/errors-and-outages">Errors and Outages</a></li>
        <li><a href="/avatax/common-errors">Common Errors</a></li>
        <li><a href="/avatax/service-availability-and-performance">Service Availability</a></li>
        <li><a href="/avatax/going-live">Going Live</a></li>
    </ul>
</div>

            
        </nav>
        <main class="col-md-9">

<h1>Filtering in AvaTax REST v2
    
</h1>

<h1 id="filter-operation-symbols">Filter Operation Symbols</h1>

<p>Filter operations are used to test the value of a field and return only those records where the test is true.</p>

<p>Avalara supports the following filtering operations defined in the <a href="https://github.com/Microsoft/api-guidelines/blob/master/Guidelines.md#97-filtering">Microsoft REST API Guidelines</a>.  Please note that in addition to the normal method of naming these operations, we also support symbols - but to use those symbols, you must properly URL encode your query string.  To avoid URL encoding problems, we encourage you to use the Microsoft syntax wherever possible.</p>

<table class="styled-table">
    <tr>
        <th>Filter</th>
        <th>Symbol</th>
        <th>Example</th>
    </tr>
    <tr>
        <td>Equals</td>
        <td><pre>field eq value</pre> or <pre>field = value</pre></td>
        <td><pre>isActive eq true</pre></td>
    </tr>
    <tr>
        <td>Greater Than</td>
        <td><pre>field gt value</pre> or <pre>field &gt; value</pre></td>
        <td><pre>taxDate gt '2016-01-01'</pre></td>
    </tr>
    <tr>
        <td>Greater Than Or Equal</td>
        <td><pre>field ge value</pre> or <pre>field &gt;= value</pre></td>
        <td><pre>id ge 123</pre></td>
    </tr>
    <tr>
        <td>Not Equal</td>
        <td><pre>field ne value</pre> or <pre>field &lt;&gt; value</pre> or <pre>field != value</pre></td>
        <td><pre>id ne 123</pre></td>
    </tr>
    <tr>
        <td>Less Than</td>
        <td><pre>field lt value</pre> or <pre>field &lt; value</pre></td>
        <td><pre>id lt 123</pre></td>
    </tr>
    <tr>
        <td>Less Than Or Equal</td>
        <td><pre>field le value</pre> or <pre>field &lt;= value</pre></td>
        <td><pre>id le 123</pre></td>
    </tr>
<table>

<h2>Complex Filter Operations</h2>

Avalara supports a few additional complex operations not specified in the Microsoft standard:

<table class="styled-table">
    <tr>
        <th>Filter</th>
        <th>Symbol</th>
        <th>Example</th>
        <th>Notes</th>
    </tr>
    <tr>
        <td>Between</td>
        <td><pre>field between value1 and value2</pre></td>
        <td><pre>taxableAmount between 100.00 and 200.00</pre></td>
        <td>Matches all records greater than or equal to the first value, plus all records less than the second value.</td>
    </tr>
    <tr>
        <td>In</td>
        <td><pre>field in (item1, item2, item3...)</pre></td>
        <td><pre>id in (123, 456, 789)</pre></td>
        <td>Matches all records whose value is the same as one of the items in the list.</td>
    </tr>
    <tr>
        <td>Like</td>
        <td><pre>field like 'value%'</pre></td>
        <td><pre>name like '%Bob%'</pre></td>
        <td>Performsn string matching similarly to an SQL 'LIKE' statement.  Can only be used on string value fields.</td>
    </tr>
    <tr>
        <td>Is Null / Is Not Null</td>
        <td><pre>field is null</pre> or <pre>field is not null</pre></td>
        <td><pre>ref1 is null</pre></td>
        <td>Matches all records where the field's null flag is a specific value.</td>
    </tr>
<table>

<h2>Conjunctions</h2>

On occasion you may need to retrieve objects that have a combination of values.  To do this, you may need to search for objects that match a number of statements at once.  To do this, you can use conjunctions to chain together multiple statements, and you can use parenthesis symbols to define the order of operations.

<table class="styled-table">
    <tr>
        <th>Conjunction</th>
        <th>Symbol</th>
        <th>Example</th>
        <th>Notes</th>
    </tr>
    <tr>
        <td>AND</td>
        <td><pre>field1 operation value1 AND field2 operation value2</pre></td>
        <td><pre>isActive eq true AND hasProfile eq true</pre></td>
        <td>Matches only records where both tests are successful.</td>
    </tr>
    <tr>
        <td>OR</td>
        <td><pre>field1 operation value1 OR field2 operation value2</pre></td>
        <td><pre>taxDate eq '2016-01-01' or taxDate eq '2016-01-02'</pre></td>
        <td>Matches records where either the left or right side is true.</td>
    </tr>
<table>

<h2>Complex Examples</h2>

Now let's put it all together, shall we?

<table class="styled-table">
    <tr>
        <th>Example</th>
        <th>Notes</th>
    </tr>
    <tr>
        <td><pre>name like 'Bob%' and (isActive eq true or hasProfile eq true)</pre></td>
        <td>Matches all records where the name begins with the letters 'Bob' and where the isActive flag is true or the hasProfile flag is true.</td>
    </tr>
    <tr>
        <td><pre>taxDate between '2016-01-01' and '2016-02-01' and status eq committed</pre></td>
        <td>Matches all records where the taxDate is in the month of January and the record's status is 'committed'.</td>
    </tr>
    <tr>
        <td><pre>(country eq 'US' and region eq 'CA') or (country eq 'CA')</pre></td>
        <td>Matches all records in Canada or in California</td>
    </tr>
</table>
</table></table></table></table></table></table>



<h4>Related Community Discussions</h4>
<div id="gsfn_list_widget">
<div id="gsfn_content">Loading...</div>
</div>
<script src="https://getsatisfaction.com/avalara/widgets/javascripts/f585970/widgets.js" type="text/javascript"></script><script src="https://getsatisfaction.com/avalara/topics.widget?callback=gsfnTopicsCallback&amp;length=240&amp;limit=5&amp;sort=recently_active&amp;user_defined_code=apis" type="text/javascript"></script>
<div id="getsat-widget-8157"></div>
<script src="https://loader.engage.gsfn.us/loader.js" type="text/javascript"></script><script type="text/javascript">// <![CDATA[
if (typeof GSFN !== "undefined") { GSFN.loadWidget(8157,{"containerId":"getsat-widget-8157"}); }
// ]]>
</script>

</main>
    </section>
    
    
</div>
<footer class="navbar navbar-default">
    <ul class="social">
        <li class="twitter"><a href="https://twitter.com/Avalara">Twitter</a></li>
        <li class="facebook"><a href="https://www.facebook.com/avalara">Facebook</a></li>
        <li class="linkedin"><a href="https://www.linkedin.com/company/avalara">LinkedIn</a></li>
        <li class="youtube"><a href="https://www.youtube.com/user/Avalara1">Youtube</a></li>
    </ul>
    
    
    <ul class="github">
        <li><a href="https://github.com/Avalara/developer-dot/edit/master/avatax/filtering-in-rest.md">Edit this page on GitHub</a></li>
    </ul>
    
    <ul class="global">
        <li><a href="https://www.avalara.com/"><span class="icon-sphere"></span>Avalara.com</a></li>
        <li><a href="https://help.avalara.com/"><span class="icon-help"></span>Help Center</a></li>
    </ul>
    <ul class="legal">
        <li>&copy; Avalara, Inc. All rights reserved</li>
        <li><a href="https://www.avalara.com/site-terms/">Terms of use</a></li>
        <li><a href="https://www.avalara.com/privacy-policy/">Privacy Policy</a></li>
    </ul>
</footer>

<script src="/public/js/vendor/jquery-2.2.4.min.js"></script>
<script src="/public/js/vendor/bootstrap.min.js"></script>
<script src="/public/js/site.js"></script>


<script src='/public/js/vendor/aws-sdk-2.5.3.min.js'></script>
<script>AWS.config.region = 'us-west-2';</script>





<!-- Google Tag Manager -->
<noscript>
    <iframe src="//www.googletagmanager.com/ns.html?id=GTM-MKB5LP" height="0" width="0" style="display:none;visibility:hidden"></iframe>
</noscript>
<script>(function(w, d, s, l, i) {
    w[l] = w[l] || [];
    w[l].push({
        'gtm.start': new Date().getTime(), event: 'gtm.js'
    });
    var f = d.getElementsByTagName(s)[0],
        j = d.createElement(s), dl = l != 'dataLayer' ? '&l=' + l : '';
    j.async = true;
    j.src =
        '//www.googletagmanager.com/gtm.js?id=' + i + dl;
    f.parentNode.insertBefore(j, f);
})(window, document, 'script', 'dataLayer', 'GTM-MKB5LP');</script>
<!-- End Google Tag Manager -->
</body>
</html>
