<!DOCTYPE html>
<html>
<head>
    <meta charset="utf-8">
    <meta http-equiv="X-UA-Compatible" content="IE=edge,chrome=1">
    <meta name="robots" content="index,follow"/>
    <meta name="viewport" content="width=device-width, initial-scale=1.0">
    <title>Developer  : Posts</title>
    <meta name="description" content="">

    <meta property="og:title" content="Home"/>
    <meta property="og:type" content="article"/>
    <meta property="og:url" content="http://developer.avalara.com/"/>
    <meta property="og:site_name" content="Avalara Developer Network"/>
    <meta property="og:description" content="Avalara AvaTax Accurate and easy sales tax calculation Automatically tie your non-taxable transactions directly to the correct exemption or reseller certificate. Determine accurate taxability & duties for millions of products and services in over 100 countries."/>

    <link rel="apple-touch-icon" sizes="57x57" href="/public/images/favicon/apple-icon-57x57.png">
    <link rel="apple-touch-icon" sizes="60x60" href="/public/images/favicon/apple-icon-60x60.png">
    <link rel="apple-touch-icon" sizes="72x72" href="/public/images/favicon/apple-icon-72x72.png">
    <link rel="apple-touch-icon" sizes="76x76" href="/public/images/favicon/apple-icon-76x76.png">
    <link rel="apple-touch-icon" sizes="114x114" href="/public/images/favicon/apple-icon-114x114.png">
    <link rel="apple-touch-icon" sizes="120x120" href="/public/images/favicon/apple-icon-120x120.png">
    <link rel="apple-touch-icon" sizes="144x144" href="/public/images/favicon/apple-icon-144x144.png">
    <link rel="apple-touch-icon" sizes="152x152" href="/public/images/favicon/apple-icon-152x152.png">
    <link rel="apple-touch-icon" sizes="180x180" href="/public/images/favicon/apple-icon-180x180.png">
    <link rel="icon" type="image/png" sizes="192x192" href="/public/images/favicon/android-icon-192x192.png">
    <link rel="icon" type="image/png" sizes="32x32" href="/public/images/favicon/favicon-32x32.png">
    <link rel="icon" type="image/png" sizes="96x96" href="/public/images/favicon/favicon-96x96.png">
    <link rel="icon" type="image/png" sizes="16x16" href="/public/images/favicon/favicon-16x16.png">
    <link rel="manifest" href="/public/images/favicon/manifest.json">
    <meta name="msapplication-TileColor" content="#ffffff ">
    <meta name="msapplication-TileImage" content="/public/images/favicon/ms-icon-144x144.png">
    <meta name="theme-color" content="#ffffff ">

    <link rel="stylesheet" href="/public/css/style.css">
    
</head>


<body id="top" data-spy="scroll" data-target="#bootstrap-scrollspy" data-product=>
<header>
    <div class="pageTitle">
        <a href="/">
            <img src="/public/images/Avalara_logo.svg" alt="Avalara Developer Network">
            <span>Developer</span>
        </a>
        
    </div>
    <nav class="navbar navbar-default navbar-static">
        <div class="navbar-header">
            <button class="navbar-toggle collapsed" type="button" data-toggle="collapse" data-target=".js-navbar-collapse">
                <span>Menu</span>
            </button>
        </div>
        <div class="collapse navbar-collapse js-navbar-collapse">
            <ul class="nav navbar-nav ">
                <li class="home"><a href="/"><span class="text-uppercase">Welcome</span></a></li>
                <li class="apis visible-xs-block"><a href="/avalara-apis"><span class="text-uppercase">API</span>s</a></li>
                <li class="apis dropdown dropdown-large hidden-xs">
                    <a class="dropdown-toggle" data-toggle="dropdown"><span class="text-uppercase">API</span>s <i class="caret"></i></a>
                    <div class="dropdown-menu dropdown-menu-large">
                        <div class="row">
                            <div class="col-md-12"><a href="/avalara-apis">APIs overview</a></div>
                        </div>
                        <div class="row">
                            <div class="col-sm-8">
                                <h2>Tax calculation</h2>
                                
                                <h4>Avalara AvaTax</h4>
                                <ul class="pipe">
                                    
                                    <li><a href="/avatax">Overview</a></li>
                                    
                                    <li><a href="/avatax/use-cases">Use cases</a></li>
                                    
                                    <li><a href="/avatax/api-reference/tax/v1">API references</a></li>
                                    
                                    <li><a href="/avatax/get-started">Set up your sandbox</a></li>
                                    
                                    <li><a href="/avatax/testing-your-integration">Test your integration</a></li>
                                    
                                    <li><a href="/avatax/certification">Integration checklists</a></li>
                                    
                                </ul>
                                
                                
                                <h4>Avalara Communications</h4>
                                <ul class="pipe">
                                    
                                    <li><a href="/communications">Overview</a></li>
                                    
                                    <li><a href="/communications/api-reference/saas/soap">API references</a></li>
                                    
                                    <li><a href="/communications/certification">Integration checklists</a></li>
                                    
                                </ul>
                                
                                
                                <h4>Avalara Excise</h4>
                                <ul class="pipe">
                                    
                                    <li><a href="/excise">Overview</a></li>
                                    
                                    <li><a href="/excise/api-reference/tax-determination/v5_18_0">API references</a></li>
                                    
                                    <li><a href="/excise/certification">Integration checklists</a></li>
                                    
                                </ul>
                                
                                
                                <h4>Avalara LandedCost</h4>
                                <ul class="pipe">
                                    
                                    <li><a href="/landedcost">Overview</a></li>
                                    
                                    <li><a href="/landedcost/api-reference/v3">API references</a></li>
                                    
                                </ul>
                                
                            </div>
                            <div class="col-sm-4">
                                <h2>Compliance document management</h2>
                                
                                <h4>Avalara CertCapture</h4>
                                <ul class="pipe">
                                    
                                    <li><a href="/certcapture">Overview</a></li>
                                    
                                    <li><a href="http://docs.certcapture6xrest.apiary.io/">API references</a></li>
                                    
                                    <li><a href="/certcapture/certification">Integration checklists</a></li>
                                    
                                </ul>
                                
                                <h2>Returns &amp; filing</h2>
                                
                                
                                <h4>Avalara TrustFile</h4>
                                <ul class="pipe">
                                    
                                    <li><a href="/trustfile">Overview</a></li>
                                    
                                    <li><a href="/trustfile/api-reference/core/v3">API references</a></li>
                                    
                                </ul>
                                
                            </div>
                        </div>
                    </div>
                </li>
                <li class="certification"><a href="/certification"><span class="text-uppercase">Become Certified</span></a></li>
                <li class="resources dropdown dropdown-large hidden-xs">
                    <a class="dropdown-toggle" data-toggle="dropdown"><span class="text-uppercase">Resources</span> <b class="caret"></b></a>
                    <ul class="dropdown-menu dropdown-menu-large">
                        <li><a href="/blog">Developer Blog</a></li>
                        <li><a href="/resources/preferred-developers">Preferred developers</a></li>
                        <li><a href="https://community.avalara.com/avalara/category_sets/developers">Help Forum</a></li>
                    </ul>
                </li>
                <li class="resources visible-xs-block"><a href="/blog"><span class="text-uppercase">Developer Blog</span></a></li>
                <li class="resources visible-xs-block"><a href="/resources/preferred-developers"><span class="text-uppercase">Preferred developers</span></a></li>
                <li class="resources visible-xs-block"><a href="https://community.avalara.com/avalara/category_sets/developers"><span class="text-uppercase">Help Forum</span></a></li>
                <li class="resources visible-xs-block"><a href="/search"><span class="text-uppercase">Search</span></a></li>
                <li class="hdr-search-icon hidden-xs">
                    <i class="mouse glyphicon glyphicon-search mouse"></i>
                </li>
                <form class="hdr-search-form horizontal hidden-xs hidden">
                    <div class="row">
                        
                        <div class="col-md-12">
                            <button type="button" class="close" aria-label="Close"><span>&times;</span></button>
                        </div>
                        
                    </div>
                    <div class="row">
                        <div class="form-group col-md-9">
                            <input class="form-control" type="search" placeholder="Search" >
                            <span class="form-control-feedback">!</span>
                        </div>
                        <div class="form-group col-md-3">
                            <input type="submit" class="btn btn-primary" value="Search">
                        </div>
                    </div>
                </form>
            </ul>
        </div>
    </nav>
</header>
<div class="container-fluid ">
    
    
    <section class="row padding-sides">
        <main class="col-md-12">
<div class="breadcrumbs blog">
    <div class="col-md-12">
        <ul class="pipe">
            <li class="text-uppercase">Resources</li>
            <li class="text-uppercase"><a href="/blog">Developer Blog</a></li>
            
        </ul>
    </div>
</div>



<h1>Posts
    
</h1>

<div class="row">
    
    <div class="col-md-4">
        <div class="blog-preview">
            <div class="gradient"></div>
            <h4><a href="/blog/2015/01/13/take-rest-sales-tax-easy-free-tax-rates-developers/">Take a REST for sales tax: Easy and free tax rates for developers</a></h4>
            <h5></h5>
            <p class="byline">By lokeuei | January 13, 2015</p>
            
            <p class="blog-excerpt">Tax compliance is challenging, and static tax rate tables are a common place to start looking for answers. Manually updating tax rates from a file is inefficient, though, and tax rates may change at any time – not just once per month. This is the perfect use case for a REST API, so that’s what we built. Our new Tax Rates API makes it easy to get the most current and accurate tax rate in your software. And it’s completely free. REST API After signing-up for a free API key, our REST API design makes it easy to start retrieving rates...</p>
            <div class="readMore">
                <a href="/blog/2015/01/13/take-rest-sales-tax-easy-free-tax-rates-developers/" class="btn btn-blog">Read More</a>
            </div>
        </div>
    </div>

    <div class="col-md-4">
        <div class="blog-preview">
            <div class="gradient"></div>
            <h4><a href="/blog/2014/09/25/documenting-apis-with-cats-by-anya-stettler/">Documenting APIs (with cats) by Anya Stettler</a></h4>
            <h5></h5>
            <p class="byline">By lokeuei | September 25, 2014</p>
            
            <p class="blog-excerpt">Anya delivered a thought provoking topic about Documenting APIs and it’s best practices (with the help of some cats) at API World recently to some rave reviews. Anthony Alfidi was in the audience during her talk and wrote a recap on his blog and had this to say: Anya Stettler from Avalara had one of the best talks I've ever seen at a tech conference, hands down.  Her tips on documenting APIs walked through examples of technical references, code snippets, tutorials, and live interactive formats that keep developers excited about an API.  Check out her presentation on SlideShare, because it's too good to...</p>
            <div class="readMore">
                <a href="/blog/2014/09/25/documenting-apis-with-cats-by-anya-stettler/" class="btn btn-blog">Read More</a>
            </div>
        </div>
    </div>

    <div class="col-md-4">
        <div class="blog-preview">
            <div class="gradient"></div>
            <h4><a href="/blog/2014/08/22/anya-stettler-speaking-at-dataweek-api-world-2014/">Anya Stettler speaking at DataWeek + API World 2014</a></h4>
            <h5></h5>
            <p class="byline">By seanrust | August 22, 2014</p>
            
            <p class="blog-excerpt">We’re excited to announce that Anya Stettler, Sr. Developer Relations Engineer with Avalara, will be speaking at DataWeek + API World 2014 Conference &amp; Expo (Sept 15-17), San Francisco’s largest Data + API conference of 2014 - where you can attend 100+ talks and interact with 200+ new data &amp; API technologies! Come see Anya's talk: Documenting APIs: Sample Code and More Tues. Sept. 16th @ 4:00pm DataWeek + API World are offering our community a free OPEN pass to the event! Your OPEN pass will get you into all OPEN talks across the DataWeek conference (see schedule) and the API...</p>
            <div class="readMore">
                <a href="/blog/2014/08/22/anya-stettler-speaking-at-dataweek-api-world-2014/" class="btn btn-blog">Read More</a>
            </div>
        </div>
    </div>

    <div class="col-md-4">
        <div class="blog-preview">
            <div class="gradient"></div>
            <h4><a href="/blog/2014/06/05/avalara-avatax-with-stripe-js/">Avalara AvaTax with Stripe.js</a></h4>
            <h5></h5>
            <p class="byline">By anya.stettler | June 05, 2014</p>
            <p><img src="/public/images/blog/Ecomm-with-stripe.png" class="blog-preview-image" alt="blog preview image"/></p>
            <p class="blog-excerpt">The new AvaTax.js library makes it easy to calculate taxes with browser-based shopping carts and other web commerce environments – providing real-time tax calculation results during the checkout process. Those accurate, on-demand tax calculations can be consumed at time of checkout, allowing you to display the results to your shoppers or use them in your payment processing. This diagram is a typical process flow for an E-commerce scenario. Let’s take a look at an easy example where AvaTax.js can be used in conjunction with Stripe.js to calculate tax and create a payment authorization token. You’ll need to include the core...</p>
            <div class="readMore">
                <a href="/blog/2014/06/05/avalara-avatax-with-stripe-js/" class="btn btn-blog">Read More</a>
            </div>
        </div>
    </div>

    <div class="col-md-4">
        <div class="blog-preview">
            <div class="gradient"></div>
            <h4><a href="/blog/2014/05/12/avatax-js-sample-posted/">AvaTax.js sample posted!</a></h4>
            <h5></h5>
            <p class="byline">By anya.stettler | May 12, 2014</p>
            
            <p class="blog-excerpt">There’s a new sample posted for folks working in JavaScript! This sample uses a server-side PHP proxy to call the service, making it easier to calculate accurate taxes and record documents from browser checkout environments. Check it out and let us know what you think!
</p>
            <div class="readMore">
                <a href="/blog/2014/05/12/avatax-js-sample-posted/" class="btn btn-blog">Read More</a>
            </div>
        </div>
    </div>

    <div class="col-md-4">
        <div class="blog-preview">
            <div class="gradient"></div>
            <h4><a href="/blog/2014/04/10/avalara-avatax-rest-sdk-for-ios-now-available/">Avalara Avatax REST SDK for iOS now available!</a></h4>
            <h5></h5>
            <p class="byline">By lokeuei | April 10, 2014</p>
            
            <p class="blog-excerpt">If you’re building mobile related retail applications or extensions to your ERP/Ecommerce platforms on iOS for the iPhone or iPad, then you’re in luck. We just completed the iOS Software Development Kit that allows you to easily connect to Avalara’s Avatax API. The SDK comes as a static library that you can link to your iOS projects. For REST de/serialization, we’ve used a 3rd party library called JSONModel which simplifies data transformation from object model to JSON (and back). We’ve included that into the project as well as the full source code under the Apache 2.0 license. You can download...</p>
            <div class="readMore">
                <a href="/blog/2014/04/10/avalara-avatax-rest-sdk-for-ios-now-available/" class="btn btn-blog">Read More</a>
            </div>
        </div>
    </div>

    <div class="col-md-4">
        <div class="blog-preview">
            <div class="gradient"></div>
            <h4><a href="/blog/2014/01/07/prompting-users-for-certificate-information-with-the-avatax-certs-api/">Prompting users for certificate information with the AvaTax Certs API</a></h4>
            <h5></h5>
            <p class="byline">By anya.stettler | January 07, 2014</p>
            <p><img src="/public/images/blog/AvaTaxCertsWorkflow.png" class="blog-preview-image" alt="blog preview image"/></p>
            <p class="blog-excerpt">The AvaTax Certs product is a stand-alone exemption certificate management product that can be used in conjunction with the AvaTax Calc product. The Certs product allows a company to track exempt customers, initiate automated correspondence to request certificate information from those customers, and track and manage the resulting exemption certificates. All valid certificates created/recorded in the AvaTax Certs product sync over to the AvaTax Calc product as well - once a customer has a valid exemption certificate in Certs, they will automatically be tax exempt for your tax calculations. There is a RESTful API to interact with the AvaTax Certs...</p>
            <div class="readMore">
                <a href="/blog/2014/01/07/prompting-users-for-certificate-information-with-the-avatax-certs-api/" class="btn btn-blog">Read More</a>
            </div>
        </div>
    </div>

    <div class="col-md-4">
        <div class="blog-preview">
            <div class="gradient"></div>
            <h4><a href="/blog/2013/11/11/introduction-to-the-avalara-avatax-api/">Introduction to the Avalara AvaTax API</a></h4>
            <h5></h5>
            <p class="byline">By seanrust | November 11, 2013</p>
            
            <p class="blog-excerpt">Anya Stettler has put together a nice video overview of the Avalara AvaTax API. It’s a great place to start learning the details you’ll need for a good integration.



To find out more about the business use cases and features you should be thinking about, check out our Integration Checklist.
</p>
            <div class="readMore">
                <a href="/blog/2013/11/11/introduction-to-the-avalara-avatax-api/" class="btn btn-blog">Read More</a>
            </div>
        </div>
    </div>

    <div class="col-md-4">
        <div class="blog-preview">
            <div class="gradient"></div>
            <h4><a href="/blog/2013/07/18/developer-testimonial/">Developer Testimonial</a></h4>
            <h5></h5>
            <p class="byline">By julia.king | July 18, 2013</p>
            
            <p class="blog-excerpt">Our Partner’s developers say integrating to AvaTax is a breeze.


Try it today!  Sign up for our API Free Trial.
</p>
            <div class="readMore">
                <a href="/blog/2013/07/18/developer-testimonial/" class="btn btn-blog">Read More</a>
            </div>
        </div>
    </div>

</div>

<ul class="blog-pagination">
    
    <li><a href="/blog/page3/" class="previous">Newer</a></li>
    
    <li class="page_number">Page 4 of 6</li>
    
    <li><a href="/blog/page5/" class="next">Older</a></li>
    
</ul>



</main>
    </section>
    
    
</div>
<footer class="navbar navbar-default">
    <ul class="social">
        <li class="twitter"><a href="https://twitter.com/Avalara">Twitter</a></li>
        <li class="facebook"><a href="https://www.facebook.com/avalara">Facebook</a></li>
        <li class="linkedin"><a href="https://www.linkedin.com/company/avalara">LinkedIn</a></li>
        <li class="youtube"><a href="https://www.youtube.com/user/Avalara1">Youtube</a></li>
    </ul>
    
    
    <ul class="global">
        <li><a href="https://www.avalara.com/"><span class="icon-sphere"></span>Avalara.com</a></li>
        <li><a href="https://help.avalara.com/"><span class="icon-help"></span>Help Center</a></li>
    </ul>
    <ul class="legal">
        <li>&copy; Avalara, Inc. All rights reserved</li>
        <li><a href="https://www.avalara.com/site-terms/">Terms of use</a></li>
        <li><a href="https://www.avalara.com/privacy-policy/">Privacy Policy</a></li>
    </ul>
</footer>

<script src="/public/js/vendor/jquery-2.2.4.min.js"></script>
<script src="/public/js/vendor/bootstrap.min.js"></script>
<script src="/public/js/site.js"></script>


<script src='/public/js/vendor/aws-sdk-2.5.3.min.js'></script>
<script>AWS.config.region = 'us-west-2';</script>





<!-- Google Tag Manager -->
<noscript>
    <iframe src="//www.googletagmanager.com/ns.html?id=GTM-MKB5LP" height="0" width="0" style="display:none;visibility:hidden"></iframe>
</noscript>
<script>(function(w, d, s, l, i) {
    w[l] = w[l] || [];
    w[l].push({
        'gtm.start': new Date().getTime(), event: 'gtm.js'
    });
    var f = d.getElementsByTagName(s)[0],
        j = d.createElement(s), dl = l != 'dataLayer' ? '&l=' + l : '';
    j.async = true;
    j.src =
        '//www.googletagmanager.com/gtm.js?id=' + i + dl;
    f.parentNode.insertBefore(j, f);
})(window, document, 'script', 'dataLayer', 'GTM-MKB5LP');</script>
<!-- End Google Tag Manager -->
</body>
</html>
