<!DOCTYPE html>
<html>
<head>
    <meta charset="utf-8">
    <meta http-equiv="X-UA-Compatible" content="IE=edge,chrome=1">
    <meta name="robots" content="index,follow"/>
    <meta name="viewport" content="width=device-width, initial-scale=1.0">
    <title>Developer  : Posts</title>
    <meta name="description" content="">

    <meta property="og:title" content="Home"/>
    <meta property="og:type" content="article"/>
    <meta property="og:url" content="http://developer.avalara.com/"/>
    <meta property="og:site_name" content="Avalara Developer Network"/>
    <meta property="og:description" content="Avalara AvaTax Accurate and easy sales tax calculation Automatically tie your non-taxable transactions directly to the correct exemption or reseller certificate. Determine accurate taxability & duties for millions of products and services in over 100 countries."/>

    <link rel="apple-touch-icon" sizes="57x57" href="/public/images/favicon/apple-icon-57x57.png">
    <link rel="apple-touch-icon" sizes="60x60" href="/public/images/favicon/apple-icon-60x60.png">
    <link rel="apple-touch-icon" sizes="72x72" href="/public/images/favicon/apple-icon-72x72.png">
    <link rel="apple-touch-icon" sizes="76x76" href="/public/images/favicon/apple-icon-76x76.png">
    <link rel="apple-touch-icon" sizes="114x114" href="/public/images/favicon/apple-icon-114x114.png">
    <link rel="apple-touch-icon" sizes="120x120" href="/public/images/favicon/apple-icon-120x120.png">
    <link rel="apple-touch-icon" sizes="144x144" href="/public/images/favicon/apple-icon-144x144.png">
    <link rel="apple-touch-icon" sizes="152x152" href="/public/images/favicon/apple-icon-152x152.png">
    <link rel="apple-touch-icon" sizes="180x180" href="/public/images/favicon/apple-icon-180x180.png">
    <link rel="icon" type="image/png" sizes="192x192" href="/public/images/favicon/android-icon-192x192.png">
    <link rel="icon" type="image/png" sizes="32x32" href="/public/images/favicon/favicon-32x32.png">
    <link rel="icon" type="image/png" sizes="96x96" href="/public/images/favicon/favicon-96x96.png">
    <link rel="icon" type="image/png" sizes="16x16" href="/public/images/favicon/favicon-16x16.png">
    <link rel="manifest" href="/public/images/favicon/manifest.json">
    <meta name="msapplication-TileColor" content="#ffffff ">
    <meta name="msapplication-TileImage" content="/public/images/favicon/ms-icon-144x144.png">
    <meta name="theme-color" content="#ffffff ">

    <link rel="stylesheet" href="/public/css/style.css">
    
</head>


<body id="top" data-spy="scroll" data-target="#bootstrap-scrollspy" data-product=>
<header>
    <div class="pageTitle">
        <a href="/">
            <img src="/public/images/Avalara_logo.svg" alt="Avalara Developer Network">
            <span>Developer</span>
        </a>
        
    </div>
    <nav class="navbar navbar-default navbar-static">
        <div class="navbar-header">
            <button class="navbar-toggle collapsed" type="button" data-toggle="collapse" data-target=".js-navbar-collapse">
                <span>Menu</span>
            </button>
        </div>
        <div class="collapse navbar-collapse js-navbar-collapse">
            <ul class="nav navbar-nav ">
                <li class="home"><a href="/"><span class="text-uppercase">Welcome</span></a></li>
                <li class="apis visible-xs-block"><a href="/avalara-apis"><span class="text-uppercase">API</span>s</a></li>
                <li class="apis dropdown dropdown-large hidden-xs">
                    <a class="dropdown-toggle" data-toggle="dropdown"><span class="text-uppercase">API</span>s <i class="caret"></i></a>
                    <div class="dropdown-menu dropdown-menu-large">
                        <div class="row">
                            <div class="col-md-12"><a href="/avalara-apis">APIs overview</a></div>
                        </div>
                        <div class="row">
                            <div class="col-sm-8">
                                <h2>Tax calculation</h2>
                                
                                <h4>Avalara AvaTax</h4>
                                <ul class="pipe">
                                    
                                    <li><a href="/avatax">Overview</a></li>
                                    
                                    <li><a href="/avatax/use-cases">Use cases</a></li>
                                    
                                    <li><a href="/avatax/api-reference/tax/v1">API references</a></li>
                                    
                                    <li><a href="/avatax/get-started">Set up your sandbox</a></li>
                                    
                                    <li><a href="/avatax/testing-your-integration">Test your integration</a></li>
                                    
                                    <li><a href="/avatax/certification">Integration checklists</a></li>
                                    
                                </ul>
                                
                                
                                <h4>Avalara Communications</h4>
                                <ul class="pipe">
                                    
                                    <li><a href="/communications">Overview</a></li>
                                    
                                    <li><a href="/communications/api-reference/saas/soap">API references</a></li>
                                    
                                    <li><a href="/communications/certification">Integration checklists</a></li>
                                    
                                </ul>
                                
                                
                                <h4>Avalara Excise</h4>
                                <ul class="pipe">
                                    
                                    <li><a href="/excise">Overview</a></li>
                                    
                                    <li><a href="/excise/api-reference/tax-determination/v5_18_0">API references</a></li>
                                    
                                    <li><a href="/excise/certification">Integration checklists</a></li>
                                    
                                </ul>
                                
                                
                                <h4>Avalara LandedCost</h4>
                                <ul class="pipe">
                                    
                                    <li><a href="/landedcost">Overview</a></li>
                                    
                                    <li><a href="/landedcost/api-reference/v3">API references</a></li>
                                    
                                </ul>
                                
                            </div>
                            <div class="col-sm-4">
                                <h2>Compliance document management</h2>
                                
                                <h4>Avalara CertCapture</h4>
                                <ul class="pipe">
                                    
                                    <li><a href="/certcapture">Overview</a></li>
                                    
                                    <li><a href="http://docs.certcapture6xrest.apiary.io/">API references</a></li>
                                    
                                    <li><a href="/certcapture/certification">Integration checklists</a></li>
                                    
                                </ul>
                                
                                <h2>Returns &amp; filing</h2>
                                
                                
                                <h4>Avalara TrustFile</h4>
                                <ul class="pipe">
                                    
                                    <li><a href="/trustfile">Overview</a></li>
                                    
                                    <li><a href="/trustfile/api-reference/core/v3">API references</a></li>
                                    
                                </ul>
                                
                            </div>
                        </div>
                    </div>
                </li>
                <li class="certification"><a href="/certification"><span class="text-uppercase">Become Certified</span></a></li>
                <li class="resources dropdown dropdown-large hidden-xs">
                    <a class="dropdown-toggle" data-toggle="dropdown"><span class="text-uppercase">Resources</span> <b class="caret"></b></a>
                    <ul class="dropdown-menu dropdown-menu-large">
                        <li><a href="/blog">Developer Blog</a></li>
                        <li><a href="/resources/preferred-developers">Preferred developers</a></li>
                        <li><a href="https://community.avalara.com/avalara/category_sets/developers">Help Forum</a></li>
                    </ul>
                </li>
                <li class="resources visible-xs-block"><a href="/blog"><span class="text-uppercase">Developer Blog</span></a></li>
                <li class="resources visible-xs-block"><a href="/resources/preferred-developers"><span class="text-uppercase">Preferred developers</span></a></li>
                <li class="resources visible-xs-block"><a href="https://community.avalara.com/avalara/category_sets/developers"><span class="text-uppercase">Help Forum</span></a></li>
                <li class="resources visible-xs-block"><a href="/search"><span class="text-uppercase">Search</span></a></li>
                <li class="hdr-search-icon hidden-xs">
                    <i class="mouse glyphicon glyphicon-search mouse"></i>
                </li>
                <form class="hdr-search-form horizontal hidden-xs hidden">
                    <div class="row">
                        
                        <div class="col-md-12">
                            <button type="button" class="close" aria-label="Close"><span>&times;</span></button>
                        </div>
                        
                    </div>
                    <div class="row">
                        <div class="form-group col-md-9">
                            <input class="form-control" type="search" placeholder="Search" >
                            <span class="form-control-feedback">!</span>
                        </div>
                        <div class="form-group col-md-3">
                            <input type="submit" class="btn btn-primary" value="Search">
                        </div>
                    </div>
                </form>
            </ul>
        </div>
    </nav>
</header>
<div class="container-fluid ">
    
    
    <section class="row padding-sides">
        <main class="col-md-12">
<div class="breadcrumbs blog">
    <div class="col-md-12">
        <ul class="pipe">
            <li class="text-uppercase">Resources</li>
            <li class="text-uppercase"><a href="/blog">Developer Blog</a></li>
            
        </ul>
    </div>
</div>



<h1>Posts
    
</h1>

<div class="row">
    
    <div class="col-md-4">
        <div class="blog-preview">
            <div class="gradient"></div>
            <h4><a href="/blog/2016/10/06/filtering-in-rest-v2/">Filtering in AvaTax REST v2</a></h4>
            <h5></h5>
            <p class="byline">By Ted Spence | October 06, 2016</p>
            
            <p class="blog-excerpt">I’m sure I left this somewhere… The REST API pattern is designed to make it easy to store and retrieve data. Every piece of data in REST is assigned a single unique URL - and you can always fetch that item back by retrieving its URL. It works a bit like this: Note HTTP Action Request Result Store data by **POST**ing to a URL. POST /api/v2/companies In the request body: { "name": "Bob's Artisan Pottery" } In the HTTP headers: Location: /api/v2/companies/123 Fetch data by **GET**ting from that URL. GET /api/v2/companies/123 In the response body: { "name": "Bob's Artisan Pottery"...</p>
            <div class="readMore">
                <a href="/blog/2016/10/06/filtering-in-rest-v2/" class="btn btn-blog">Read More</a>
            </div>
        </div>
    </div>

    <div class="col-md-4">
        <div class="blog-preview">
            <div class="gradient"></div>
            <h4><a href="/blog/2016/10/04/getting-started-with-avatax-rest-v2/">Getting Started with AvaTax REST v2</a></h4>
            <h5></h5>
            <p class="byline">By Ted Spence | October 04, 2016</p>
            
            <p class="blog-excerpt">It’s time to make taxing more relaxing! Over the next fifteen minutes, I’ll walk you through the process of using Avalara’s V2 REST API to implement a simple web-based eCommerce platform. We’ll show you how to request an account, set up a company, and process tax for that company. Everything we will do today can be fully scripted - so as soon as you’ve gone through this demo, you’ll be know everything you need to add transactional taxes to your platform. For today, we’ll set up the company “Bob’s Artisan Pottery”, an online store that sells mugs. As Bob McExample,...</p>
            <div class="readMore">
                <a href="/blog/2016/10/04/getting-started-with-avatax-rest-v2/" class="btn btn-blog">Read More</a>
            </div>
        </div>
    </div>

    <div class="col-md-4">
        <div class="blog-preview">
            <div class="gradient"></div>
            <h4><a href="/blog/2016/10/03/new-rest-v2-api-for-avatax/">A New REST v2 API For AvaTax</a></h4>
            <h5></h5>
            <p class="byline">By Ted Spence | October 03, 2016</p>
            
            <p class="blog-excerpt">AvaTax at 12 Years of Age Avalara’s world-class tax API, originally launched in 2004, has by now helped thousands of businesses all across the world make great strides in automating tax compliance. We’ve processed billions of transactions and filed millions of tax returns using AvaTax technology since those tiny beginnings. The secret to Avalara’s success is constant innovation. The AvaTax API, connectors, and services you use today have been under continuous development since Avalara was founded. As AvaTax adds features, we’ve outgrown our original SOAP and XML implementation, and we’ve decided to deliver a new and fresh API to our...</p>
            <div class="readMore">
                <a href="/blog/2016/10/03/new-rest-v2-api-for-avatax/" class="btn btn-blog">Read More</a>
            </div>
        </div>
    </div>

    <div class="col-md-4">
        <div class="blog-preview">
            <div class="gradient"></div>
            <h4><a href="/blog/2016/09/30/getting-started-with-avalara-apis/">Getting Started With Avalara's APIs</a></h4>
            <h5></h5>
            <p class="byline">By Joe Savarese | September 30, 2016</p>
            
            <p class="blog-excerpt">First Steps with Avalara APIs Not well versed in Computer Programming yet? Not a problem!- You can access the power of Avalara’s new AvaTax API in no time just like I did! Hello, as a fresh Intern within the Engineering team here at Avalara, I was given the great opportunity to attend a Demo on Avalara’s new REST API (being that I work on a different project this was all new to me). I nervously arrived on Bainbridge Island and found a seat in a room full of experienced Developers and Quality Assurance specialists already setting up to check out...</p>
            <div class="readMore">
                <a href="/blog/2016/09/30/getting-started-with-avalara-apis/" class="btn btn-blog">Read More</a>
            </div>
        </div>
    </div>

    <div class="col-md-4">
        <div class="blog-preview">
            <div class="gradient"></div>
            <h4><a href="/blog/2016/09/21/gettax-for-excel/">GetTax For Excel? Really?</a></h4>
            <h5></h5>
            <p class="byline">By Dustin Welden | September 21, 2016</p>
            
            <p class="blog-excerpt">Just because you can, doesn’t mean you should. At least, that’s what I first thought when I had heard that it was possible to make web requests in VBA. Then I thought about how many people use Excel for nearly all of their business needs. So of course, that lead me to a “What If” moment: What if Excel had a =GetTax() function? Of course, I hadn’t used (or debugged) VBA in years. I had completely forgotten there were more leisurely activities, like eating a box of wood screws. Nevertheless, my stubborness to finish what I started lead to this...</p>
            <div class="readMore">
                <a href="/blog/2016/09/21/gettax-for-excel/" class="btn btn-blog">Read More</a>
            </div>
        </div>
    </div>

    <div class="col-md-4">
        <div class="blog-preview">
            <div class="gradient"></div>
            <h4><a href="/blog/2016/08/17/new-site/">New Site!</a></h4>
            <h5></h5>
            <p class="byline">By Anya Stettler | August 17, 2016</p>
            
            <p class="blog-excerpt">Frequent visitors to the site may have noticed some big changes this week! With the resources of Avalara’s Incubator team, we’ve launched a brand new site that offers a number of great improvements. Jekyll. With the old site, we were managing site plugins and platform-specific integrations. This was slowing us down, and slowing down the site. The new site is based on a static page generator, Jekyll, which allows us to manage things more easily and to load pages faster. Open source all the docs: Jekyll runs off of a series of markdown files, which we’ve made public on GitHub....</p>
            <div class="readMore">
                <a href="/blog/2016/08/17/new-site/" class="btn btn-blog">Read More</a>
            </div>
        </div>
    </div>

    <div class="col-md-4">
        <div class="blog-preview">
            <div class="gradient"></div>
            <h4><a href="/blog/2016/03/06/tax-rates-client-library-for-node/">Tax Rates Client Library for Node</a></h4>
            <h5></h5>
            <p class="byline">By greg.bulmash | March 06, 2016</p>
            
            <p class="blog-excerpt">The Avalara Developer Relations team is boldly going (cue music) into node.js. We released our first node.js helper library in August for the TaxRates.com API. This is our free and simple API for getting sales tax rates and authorities based on a street address or zip/postal code in the U.S. or Canada. The new node.js library makes it easy to integrate it into your node-based projects. You can find sample code in the readme of the TaxRates-node Github repository. You can also embed it in your node.js project: npm install avalara-taxrates. I cannot give a definitive statement on when our...</p>
            <div class="readMore">
                <a href="/blog/2016/03/06/tax-rates-client-library-for-node/" class="btn btn-blog">Read More</a>
            </div>
        </div>
    </div>

    <div class="col-md-4">
        <div class="blog-preview">
            <div class="gradient"></div>
            <h4><a href="/blog/2016/01/18/performance-optimization-of-the-avatax-core-calculation-platform/">Performance Optimization of the AvaTax Core Calculation Platform</a></h4>
            <h5></h5>
            <p class="byline">By lokeuei | January 18, 2016</p>
            <p><img src="/public/images/blog/Picture1.png" class="blog-preview-image" alt="blog preview image"/></p>
            <p class="blog-excerpt">Over the past year we’ve invested in our core tax calculation engine, growing SAits features, expanding its reach, and making it faster and faster.  This has presented some amazing challenges, especially to materially speed up a service while its transactional load grows by 60% annually.  Simply keeping up with that level of growth can be a challenge.  So, how did we manage to more than triple the speed at which our current engine calculates and returns information while keeping it stable, growing, and expanding? The improvement can be clearly seen in our internal latency metrics for typical tax documents over...</p>
            <div class="readMore">
                <a href="/blog/2016/01/18/performance-optimization-of-the-avatax-core-calculation-platform/" class="btn btn-blog">Read More</a>
            </div>
        </div>
    </div>

    <div class="col-md-4">
        <div class="blog-preview">
            <div class="gradient"></div>
            <h4><a href="/blog/2016/01/14/avatax-php-sdk-updated-to-v15-5-0-0/">AvaTax PHP SDK updated to v15.5.0.0</a></h4>
            <h5></h5>
            <p class="byline">By lokeuei | January 14, 2016</p>
            
            <p class="blog-excerpt">We’ve just recently updated our PHP library on Github.

Release Notes:

	Match with the latest AvaTax WSDL v15.5.0.0.
	Added the following functions in AccountSvc,

	Ping
	IsAuthorized
	FetchCompany – It fetches all companies for given Account Number-License Key.


	Sample code &amp; unit test cases have been updated &amp; added


You can download the SDK here : https://github.com/avadev/AvaTax-SOAP-PHP-SDK
</p>
            <div class="readMore">
                <a href="/blog/2016/01/14/avatax-php-sdk-updated-to-v15-5-0-0/" class="btn btn-blog">Read More</a>
            </div>
        </div>
    </div>

</div>

<ul class="blog-pagination">
    
    <li class="previous">Newer</li>
    
    <li class="page_number">Page 1 of 6</li>
    
    <li><a href="/blog/page2/" class="next">Older</a></li>
    
</ul>



</main>
    </section>
    
    
</div>
<footer class="navbar navbar-default">
    <ul class="social">
        <li class="twitter"><a href="https://twitter.com/Avalara">Twitter</a></li>
        <li class="facebook"><a href="https://www.facebook.com/avalara">Facebook</a></li>
        <li class="linkedin"><a href="https://www.linkedin.com/company/avalara">LinkedIn</a></li>
        <li class="youtube"><a href="https://www.youtube.com/user/Avalara1">Youtube</a></li>
    </ul>
    
    
    <ul class="github">
        <li><a href="https://github.com/Avalara/developer-dot/edit/master/blog/index.html">Edit this page on GitHub</a></li>
    </ul>
    
    <ul class="global">
        <li><a href="https://www.avalara.com/"><span class="icon-sphere"></span>Avalara.com</a></li>
        <li><a href="https://help.avalara.com/"><span class="icon-help"></span>Help Center</a></li>
    </ul>
    <ul class="legal">
        <li>&copy; Avalara, Inc. All rights reserved</li>
        <li><a href="https://www.avalara.com/site-terms/">Terms of use</a></li>
        <li><a href="https://www.avalara.com/privacy-policy/">Privacy Policy</a></li>
    </ul>
</footer>

<script src="/public/js/vendor/jquery-2.2.4.min.js"></script>
<script src="/public/js/vendor/bootstrap.min.js"></script>
<script src="/public/js/site.js"></script>


<script src='/public/js/vendor/aws-sdk-2.5.3.min.js'></script>
<script>AWS.config.region = 'us-west-2';</script>





<!-- Google Tag Manager -->
<noscript>
    <iframe src="//www.googletagmanager.com/ns.html?id=GTM-MKB5LP" height="0" width="0" style="display:none;visibility:hidden"></iframe>
</noscript>
<script>(function(w, d, s, l, i) {
    w[l] = w[l] || [];
    w[l].push({
        'gtm.start': new Date().getTime(), event: 'gtm.js'
    });
    var f = d.getElementsByTagName(s)[0],
        j = d.createElement(s), dl = l != 'dataLayer' ? '&l=' + l : '';
    j.async = true;
    j.src =
        '//www.googletagmanager.com/gtm.js?id=' + i + dl;
    f.parentNode.insertBefore(j, f);
})(window, document, 'script', 'dataLayer', 'GTM-MKB5LP');</script>
<!-- End Google Tag Manager -->
</body>
</html>
